<?xml version="1.0" encoding="utf-8"?><testsuites name="pytest tests"><testsuite name="pytest" errors="1" failures="4" skipped="55" tests="1419" time="1556.285" timestamp="2026-02-20T20:52:03.494649+09:00" hostname="DESKTOP-DT4AV6L"><testcase classname="tests.e2e.test_l3_golden_route.TestL3Setup" name="test_load_and_inject_plot_roadmap" time="0.006" /><testcase classname="tests.e2e.test_l3_golden_route.TestL3PipelineSmoke" name="test_stage2_pipeline_smoke_with_real_data" time="2.538" /><testcase classname="tests.e2e.test_l3_stage2_realproject.TestSetup" name="test_bible_exists" time="0.072" /><testcase classname="tests.e2e.test_l3_stage2_realproject.TestSetup" name="test_genre_is_investment" time="0.083" /><testcase classname="tests.e2e.test_l3_stage2_realproject.TestSetup" name="test_arcs_initially_empty" time="0.076" /><testcase classname="tests.e2e.test_l3_stage2_realproject.TestPipelineSmoke" name="test_stage2_runs_3_blocks" time="2.262" /><testcase classname="tests.e2e.test_l3_stage2_realproject.TestPipelineSmoke" name="test_saved_arc_structure_valid" time="2.288" /><testcase classname="tests.e2e.test_l3_stage3_smoke.TestL3Stage3Setup" name="test_arcs_loaded" time="0.080" /><testcase classname="tests.e2e.test_l3_stage3_smoke.TestL3Stage3Setup" name="test_arc_structure" time="0.067" /><testcase classname="tests.e2e.test_l3_stage3_smoke.TestL3Stage3Setup" name="test_bible_has_plot_roadmap" time="0.072" /><testcase classname="tests.e2e.test_l3_stage3_smoke.TestL3Stage3Pipeline" name="test_stage3_runs_3_episodes" time="0.106" /><testcase classname="tests.e2e.test_l3_stage3_smoke.TestL3Stage3Pipeline" name="test_blueprint_content_valid" time="0.098" /><testcase classname="tests.e2e.test_l3_stage4_smoke" name="test_stage4_smoke_3ep" time="0.111" /><testcase classname="tests.e2e.test_l3_stage4_smoke" name="test_stage4_loop_termination" time="0.092" /><testcase classname="tests.e2e.test_l3_stage4_smoke" name="test_stage4_no_blueprint_stops" time="0.083" /><testcase classname="tests.e2e.test_l3_stage4_smoke" name="test_stage4_session_none_returns" time="0.094" /><testcase classname="tests.e2e.test_npc_continuity_e2e.TestDeadNPCActionRejected" name="test_dead_npc_action_rejected" time="0.005" /><testcase classname="tests.e2e.test_npc_continuity_e2e.TestDeadNPCRecallAllowed" name="test_dead_npc_recall_allowed" time="0.000" /><testcase classname="tests.e2e.test_npc_continuity_e2e.TestNPCHistoryRecordsDeath" name="test_npc_history_records_death" time="0.245" /><testcase classname="tests.e2e.test_npc_continuity_e2e.TestNPCHistoryRecordsWeaponChange" name="test_npc_history_records_weapon_change" time="0.244" /><testcase classname="tests.e2e.test_npc_continuity_e2e.TestPersonalitySuddenChangeWarning" name="test_personality_sudden_change_warning" time="0.000" /><testcase classname="tests.e2e.test_npc_continuity_e2e.TestNPCHistoryInValidationContext" name="test_npc_history_in_validation_context" time="0.255" /><testcase classname="tests.e2e.test_npc_continuity_e2e.TestThresholdOverrideViaYAML" name="test_threshold_override_via_yaml" time="0.000" /><testcase classname="tests.e2e.test_retry_recovery_e2e.TestRound0PassSavesManuscript" name="test_round0_pass_saves_manuscript" time="0.235" /><testcase classname="tests.e2e.test_retry_recovery_e2e.TestRound0RejectTriggersRound1" name="test_round0_reject_triggers_round1" time="0.000" /><testcase classname="tests.e2e.test_retry_recovery_e2e.TestPatchModeEntryScore60" name="test_patch_mode_entry_score_60" time="0.000" /><testcase classname="tests.e2e.test_retry_recovery_e2e.TestPatchModeEntryScore60" name="test_patch_mode_boundary_50" time="0.000" /><testcase classname="tests.e2e.test_retry_recovery_e2e.TestLowScoreFullRewrite" name="test_low_score_full_rewrite" time="0.000" /><testcase classname="tests.e2e.test_retry_recovery_e2e.TestAllRoundsFailReturnsError" name="test_all_rounds_fail_returns_error" time="0.228" /><testcase classname="tests.e2e.test_retry_recovery_e2e.TestChainLinkSavedAfterPass" name="test_chain_link_saved_after_pass" time="0.253" /><testcase classname="tests.e2e.test_smoke_pipeline.TestStage4ContextCreation" name="test_stage4_context_creation" time="0.260"><failure message="AssertionError: assert 26 == 33&#10; +  where 26 = len(('ui', 'current_project', 'agents', 'sys', 'state_tracker', 'memory', ...))&#10; +    where ('ui', 'current_project', 'agents', 'sys', 'state_tracker', 'memory', ...) = Stage4Context.__slots__">E   AssertionError: assert 26 == 33
     +  where 26 = len(('ui', 'current_project', 'agents', 'sys', 'state_tracker', 'memory', ...))
     +    where ('ui', 'current_project', 'agents', 'sys', 'state_tracker', 'memory', ...) = Stage4Context.__slots__</failure></testcase><testcase classname="tests.e2e.test_smoke_pipeline.TestDBSchemaComplete" name="test_db_schema_complete" time="0.265" /><testcase classname="tests.e2e.test_smoke_pipeline.TestBibleDBRoundtrip" name="test_bible_db_roundtrip" time="0.224" /><testcase classname="tests.e2e.test_smoke_pipeline.TestBlueprintDBRoundtrip" name="test_blueprint_db_roundtrip" time="0.238" /><testcase classname="tests.e2e.test_smoke_pipeline.TestValidationHappyPath" name="test_validation_happy_path" time="0.000" /><testcase classname="tests.e2e.test_smoke_pipeline.TestBlockingMinLengthReject" name="test_blocking_min_length_reject" time="0.000" /><testcase classname="tests.e2e.test_smoke_pipeline.TestWorldStateInitSaveLoad" name="test_world_state_init_save_load" time="0.238" /><testcase classname="tests.e2e.test_smoke_pipeline.TestFactLedgerInitSaveLoad" name="test_fact_ledger_init_save_load" time="0.223" /><testcase classname="tests.test_action_scene_evaluator.TestInstantiation" name="test_create[wuxia]" time="0.000" /><testcase classname="tests.test_action_scene_evaluator.TestInstantiation" name="test_create[hunter]" time="0.000" /><testcase classname="tests.test_action_scene_evaluator.TestInstantiation" name="test_create[investment]" time="0.000" /><testcase classname="tests.test_action_scene_evaluator.TestInstantiation" name="test_action_keywords_populated[wuxia]" time="0.000" /><testcase classname="tests.test_action_scene_evaluator.TestInstantiation" name="test_action_keywords_populated[hunter]" time="0.000" /><testcase classname="tests.test_action_scene_evaluator.TestInstantiation" name="test_action_keywords_populated[investment]" time="0.000" /><testcase classname="tests.test_action_scene_evaluator.TestEvaluate" name="test_returns_dict[wuxia]" time="0.000" /><testcase classname="tests.test_action_scene_evaluator.TestEvaluate" name="test_returns_dict[hunter]" time="0.000" /><testcase classname="tests.test_action_scene_evaluator.TestEvaluate" name="test_returns_dict[investment]" time="0.000" /><testcase classname="tests.test_action_scene_evaluator.TestEvaluate" name="test_score_in_range[wuxia]" time="0.000" /><testcase classname="tests.test_action_scene_evaluator.TestEvaluate" name="test_score_in_range[hunter]" time="0.000" /><testcase classname="tests.test_action_scene_evaluator.TestEvaluate" name="test_score_in_range[investment]" time="0.000" /><testcase classname="tests.test_action_scene_evaluator.TestEvaluate" name="test_empty_manuscript[wuxia]" time="0.000" /><testcase classname="tests.test_action_scene_evaluator.TestEvaluate" name="test_empty_manuscript[hunter]" time="0.000" /><testcase classname="tests.test_action_scene_evaluator.TestEvaluate" name="test_empty_manuscript[investment]" time="0.000" /><testcase classname="tests.test_action_scene_evaluator.TestExtractActionScenes" name="test_returns_list[wuxia]" time="0.000" /><testcase classname="tests.test_action_scene_evaluator.TestExtractActionScenes" name="test_returns_list[hunter]" time="0.000" /><testcase classname="tests.test_action_scene_evaluator.TestExtractActionScenes" name="test_returns_list[investment]" time="0.000" /><testcase classname="tests.test_action_scene_evaluator.TestEvaluateChoreography" name="test_returns_dict[wuxia]" time="0.000" /><testcase classname="tests.test_action_scene_evaluator.TestEvaluateChoreography" name="test_returns_dict[hunter]" time="0.000" /><testcase classname="tests.test_action_scene_evaluator.TestEvaluateChoreography" name="test_returns_dict[investment]" time="0.000" /><testcase classname="tests.test_action_scene_evaluator.TestEvaluateChoreography" name="test_empty_scenes[wuxia]" time="0.000" /><testcase classname="tests.test_action_scene_evaluator.TestEvaluateChoreography" name="test_empty_scenes[hunter]" time="0.000" /><testcase classname="tests.test_action_scene_evaluator.TestEvaluateChoreography" name="test_empty_scenes[investment]" time="0.000" /><testcase classname="tests.test_action_scene_evaluator.TestEvaluateStakesEscalation" name="test_returns_dict[wuxia]" time="0.000" /><testcase classname="tests.test_action_scene_evaluator.TestEvaluateStakesEscalation" name="test_returns_dict[hunter]" time="0.000" /><testcase classname="tests.test_action_scene_evaluator.TestEvaluateStakesEscalation" name="test_returns_dict[investment]" time="0.000" /><testcase classname="tests.test_action_scene_evaluator.TestEvaluateStakesEscalation" name="test_single_scene[wuxia]" time="0.000" /><testcase classname="tests.test_action_scene_evaluator.TestEvaluateStakesEscalation" name="test_single_scene[hunter]" time="0.000" /><testcase classname="tests.test_action_scene_evaluator.TestEvaluateStakesEscalation" name="test_single_scene[investment]" time="0.000" /><testcase classname="tests.test_agent_perf_timer.TestChiefWriterTimer" name="test_timer_log_emitted" time="0.004" /><testcase classname="tests.test_agent_perf_timer.TestChiefWriterTimer" name="test_timer_exception_non_propagating" time="0.003" /><testcase classname="tests.test_agent_perf_timer.TestArcEnsembleTimer" name="test_timer_log_emitted" time="0.003" /><testcase classname="tests.test_agent_perf_timer.TestBlueprintEnsembleTimer" name="test_timer_log_emitted" time="0.003" /><testcase classname="tests.test_agent_perf_timer.TestConsensusTimer" name="test_timer_log_emitted" time="0.002" /><testcase classname="tests.test_agent_perf_timer.TestDirectorAuditorTimer" name="test_timer_log_emitted" time="0.002" /><testcase classname="tests.test_agent_perf_timer.TestTimerExceptionSafety" name="test_time_monotonic_failure_non_propagating" time="0.000" /><testcase classname="tests.test_agents.TestBaseAgent" name="test_agent_initialization" time="0.001"><skipped type="pytest.xfail" message="BaseAgent.__init__ signature changed: requires (context, client) not (config)" /></testcase><testcase classname="tests.test_agents.TestBaseAgent" name="test_ask_method_returns_json" time="0.000"><skipped type="pytest.xfail" message="[NOTRUN] Agent constructor/API signatures changed" /></testcase><testcase classname="tests.test_agents.TestBaseAgent" name="test_ask_handles_invalid_json" time="0.000"><skipped type="pytest.xfail" message="[NOTRUN] Agent constructor/API signatures changed" /></testcase><testcase classname="tests.test_agents.TestBaseAgent" name="test_escape_braces_method" time="0.000"><skipped type="pytest.xfail" message="[NOTRUN] Agent constructor/API signatures changed" /></testcase><testcase classname="tests.test_agents.TestBaseAgent" name="test_backup_model_fallback" time="0.000"><skipped type="pytest.xfail" message="[NOTRUN] Agent constructor/API signatures changed" /></testcase><testcase classname="tests.test_agents.TestBaseAgent" name="test_continuation_on_max_tokens" time="0.000"><skipped type="pytest.xfail" message="[NOTRUN] Agent constructor/API signatures changed" /></testcase><testcase classname="tests.test_agents.TestBaseAgent" name="test_error_type_classification" time="0.000"><skipped type="pytest.xfail" message="[NOTRUN] Agent constructor/API signatures changed" /></testcase><testcase classname="tests.test_agents.TestWriterAgent" name="test_writer_initialization" time="0.000"><skipped type="pytest.xfail" message="[NOTRUN] Agent constructor/API signatures changed" /></testcase><testcase classname="tests.test_agents.TestWriterAgent" name="test_write_manuscript_structure" time="0.000"><skipped type="pytest.xfail" message="[NOTRUN] Agent constructor/API signatures changed" /></testcase><testcase classname="tests.test_agents.TestWriterAgent" name="test_writer_style_seeds_loading" time="0.000"><skipped type="pytest.xfail" message="[NOTRUN] Agent constructor/API signatures changed" /></testcase><testcase classname="tests.test_agents.TestDirectorAgent" name="test_director_initialization" time="0.000"><skipped type="pytest.xfail" message="[NOTRUN] Agent constructor/API signatures changed" /></testcase><testcase classname="tests.test_agents.TestDirectorAgent" name="test_audit_manuscript_pass" time="0.000"><skipped type="pytest.xfail" message="[NOTRUN] Agent constructor/API signatures changed" /></testcase><testcase classname="tests.test_agents.TestDirectorAgent" name="test_audit_manuscript_reject" time="0.000"><skipped type="pytest.xfail" message="[NOTRUN] Agent constructor/API signatures changed" /></testcase><testcase classname="tests.test_agents.TestDirectorAgent" name="test_director_v0128_integration" time="0.000"><skipped type="pytest.xfail" message="[NOTRUN] Agent constructor/API signatures changed" /></testcase><testcase classname="tests.test_agents.TestAnalystAgent" name="test_analyst_initialization" time="0.000"><skipped type="pytest.xfail" message="[NOTRUN] Agent constructor/API signatures changed" /></testcase><testcase classname="tests.test_agents.TestAnalystAgent" name="test_plan_volumes_structure" time="0.000"><skipped type="pytest.xfail" message="[NOTRUN] Agent constructor/API signatures changed" /></testcase><testcase classname="tests.test_agents.TestAnalystAgent" name="test_analyst_genre_library_loading" time="0.000"><skipped type="pytest.xfail" message="[NOTRUN] Agent constructor/API signatures changed" /></testcase><testcase classname="tests.test_agents.TestWeaverAgent" name="test_weaver_initialization" time="0.000"><skipped type="pytest.xfail" message="[NOTRUN] Agent constructor/API signatures changed" /></testcase><testcase classname="tests.test_agents.TestWeaverAgent" name="test_foreshadowing_management" time="0.000"><skipped type="pytest.xfail" message="[NOTRUN] Agent constructor/API signatures changed" /></testcase><testcase classname="tests.test_agents.TestManagerAgent" name="test_manager_initialization" time="0.000"><skipped type="pytest.xfail" message="[NOTRUN] Agent constructor/API signatures changed" /></testcase><testcase classname="tests.test_agents.TestManagerAgent" name="test_coordinate_production" time="0.000"><skipped type="pytest.xfail" message="[NOTRUN] Agent constructor/API signatures changed" /></testcase><testcase classname="tests.test_agents.TestAgentModelTiers" name="test_tier_progression_on_reject" time="0.000"><skipped type="pytest.xfail" message="[NOTRUN] Agent constructor/API signatures changed" /></testcase><testcase classname="tests.test_agents.TestAgentModelTiers" name="test_stage4_fixed_model" time="0.000"><skipped type="pytest.xfail" message="[NOTRUN] Agent constructor/API signatures changed" /></testcase><testcase classname="tests.test_arc_difficulty" name="test_get_arc_difficulty_unknown_when_no_records" time="0.001" /><testcase classname="tests.test_arc_difficulty" name="test_get_arc_difficulty_easy" time="0.001" /><testcase classname="tests.test_arc_difficulty" name="test_get_arc_difficulty_hard_and_hard_episodes" time="0.001" /><testcase classname="tests.test_arc_draft_validator" name="test_validate_grant_timeline_detects_duplicate_from_state_constraints" time="0.002" /><testcase classname="tests.test_arc_patch_mode.TestArcPatchMode" name="test_patch_success" time="0.008" /><testcase classname="tests.test_arc_patch_mode.TestArcPatchMode" name="test_patch_failure_returns_none" time="0.007" /><testcase classname="tests.test_arc_patch_mode.TestArcPatchMode" name="test_patch_validate_reject_returns_none" time="0.007" /><testcase classname="tests.test_arc_patch_mode.TestArcPatchMode" name="test_yaml_load_failure_uses_inline_fallback" time="0.008" /><testcase classname="tests.test_arc_patch_mode.TestPatchModeThreshold" name="test_score_below_threshold_no_patch" time="0.000" /><testcase classname="tests.test_arc_patch_mode.TestPatchModeThreshold" name="test_score_at_threshold_triggers_patch" time="0.000" /><testcase classname="tests.test_arc_patch_mode.TestPatchModeThreshold" name="test_score_above_threshold_triggers_patch" time="0.000" /><testcase classname="tests.test_audit_service.TestAuditEvent" name="test_audit_event_appends_to_buffer" time="0.002" /><testcase classname="tests.test_audit_service.TestAuditEvent" name="test_audit_event_appends_to_runtime_audit" time="0.002" /><testcase classname="tests.test_audit_service.TestFlushAuditBuffer" name="test_flush_writes_jsonl_file" time="0.003" /><testcase classname="tests.test_audit_service.TestFlushAuditBuffer" name="test_flush_clears_buffer" time="0.002" /><testcase classname="tests.test_audit_service.TestWriteAuditSummary" name="test_write_summary_calls_flush_first" time="0.004" /><testcase classname="tests.test_audit_service.TestWriteAuditSummary" name="test_write_summary_creates_json_file" time="0.003" /><testcase classname="tests.test_audit_service.TestFacadeStub" name="test_facade_stub_delegates_correctly" time="0.002" /><testcase classname="tests.test_audit_service.TestEdgeCases" name="test_flush_no_project_skips" time="0.000" /><testcase classname="tests.test_base_agent.TestExtractJsonRobustNormal" name="test_valid_json" time="0.001" /><testcase classname="tests.test_base_agent.TestExtractJsonRobustNormal" name="test_json_with_markdown_fences" time="0.000" /><testcase classname="tests.test_base_agent.TestExtractJsonRobustNormal" name="test_nested_json" time="0.000" /><testcase classname="tests.test_base_agent.TestExtractJsonRobustDamaged" name="test_unclosed_brace" time="0.001" /><testcase classname="tests.test_base_agent.TestExtractJsonRobustDamaged" name="test_empty_input" time="0.000" /><testcase classname="tests.test_base_agent.TestExtractJsonRobustDamaged" name="test_none_input" time="0.000" /><testcase classname="tests.test_base_agent.TestExtractJsonRobustDamaged" name="test_non_string_input" time="0.000" /><testcase classname="tests.test_base_agent.TestExtractJsonRobustDamaged" name="test_tactical_doc_regex_extraction" time="0.001" /><testcase classname="tests.test_base_agent.TestExtractJsonRobustDamaged" name="test_content_regex_extraction" time="0.001" /><testcase classname="tests.test_base_agent.TestExtractJsonRobustDamaged" name="test_odd_quotes_repaired" time="0.001" /><testcase classname="tests.test_base_agent.TestEscapeBraces" name="test_basic_escape" time="0.000" /><testcase classname="tests.test_base_agent.TestEscapeBraces" name="test_already_escaped" time="0.000" /><testcase classname="tests.test_base_agent.TestEscapeBraces" name="test_empty_string" time="0.000" /><testcase classname="tests.test_base_agent.TestEscapeBraces" name="test_none_input" time="0.000" /><testcase classname="tests.test_base_agent.TestEscapeBraces" name="test_non_string_input" time="0.000" /><testcase classname="tests.test_base_agent.TestEscapeBraces" name="test_no_braces" time="0.000" /><testcase classname="tests.test_base_agent.TestEscapeBraces" name="test_force_escape" time="0.000" /><testcase classname="tests.test_base_agent.TestEscapeBraces" name="test_mixed_braces" time="0.000" /><testcase classname="tests.test_base_agent.TestClassifyError" name="test_timeout_error" time="0.000" /><testcase classname="tests.test_base_agent.TestClassifyError" name="test_quota_error" time="0.000" /><testcase classname="tests.test_base_agent.TestClassifyError" name="test_rate_error" time="0.000" /><testcase classname="tests.test_base_agent.TestClassifyError" name="test_network_error" time="0.000" /><testcase classname="tests.test_base_agent.TestClassifyError" name="test_json_error" time="0.000" /><testcase classname="tests.test_base_agent.TestClassifyError" name="test_unknown_error" time="0.000" /><testcase classname="tests.test_base_agent.TestValidateResponse" name="test_valid_response" time="0.000" /><testcase classname="tests.test_base_agent.TestValidateResponse" name="test_empty_response" time="0.000" /><testcase classname="tests.test_base_agent.TestValidateResponse" name="test_none_response" time="0.000" /><testcase classname="tests.test_base_agent.TestValidateResponse" name="test_short_response" time="0.000" /><testcase classname="tests.test_base_agent.TestValidateResponse" name="test_no_json_start" time="0.000" /><testcase classname="tests.test_base_agent.TestValidateResponse" name="test_unbalanced_braces" time="0.000" /><testcase classname="tests.test_base_agent.TestValidateResponse" name="test_no_key_fields" time="0.000" /><testcase classname="tests.test_base_agent.TestIsNetworkError" name="test_timeout_is_network" time="0.000" /><testcase classname="tests.test_base_agent.TestIsNetworkError" name="test_connection_is_network" time="0.000" /><testcase classname="tests.test_base_agent.TestIsNetworkError" name="test_ssl_is_network" time="0.000" /><testcase classname="tests.test_base_agent.TestIsNetworkError" name="test_quota_is_not_network" time="0.000" /><testcase classname="tests.test_base_agent.TestIsNetworkError" name="test_json_is_not_network" time="0.001" /><testcase classname="tests.test_base_agent.TestErrorResponse" name="test_create_error_response" time="0.000" /><testcase classname="tests.test_base_agent.TestErrorResponse" name="test_recovery_hints" time="0.000" /><testcase classname="tests.test_base_agent.TestModelFallbackChain" name="test_gemini3_falls_to_25pro" time="0.000" /><testcase classname="tests.test_base_agent.TestModelFallbackChain" name="test_25pro_is_terminal" time="0.000" /><testcase classname="tests.test_base_agent.TestModelFallbackChain" name="test_flash_chain" time="0.000" /><testcase classname="tests.test_base_agent.TestThinkingBudgetMap" name="test_minimal_budget" time="0.000" /><testcase classname="tests.test_base_agent.TestThinkingBudgetMap" name="test_maximum_budget" time="0.000" /><testcase classname="tests.test_base_agent.TestThinkingBudgetMap" name="test_all_levels_exist" time="0.000" /><testcase classname="tests.test_base_agent.TestParseAndRepairHard" name="test_missing_closing_brace" time="0.001" /><testcase classname="tests.test_base_agent.TestParseAndRepairHard" name="test_null_to_none" time="0.000" /><testcase classname="tests.test_base_agent.TestParseAndRepairHard" name="test_regex_fallback" time="0.000" /><testcase classname="tests.test_base_agent.TestMergeContextsForCaching" name="test_blueprint_merge" time="0.000" /><testcase classname="tests.test_base_agent.TestMergeContextsForCaching" name="test_manuscript_merge" time="0.000" /><testcase classname="tests.test_base_agent.TestMergeContextsForCaching" name="test_empty_items" time="0.000" /><testcase classname="tests.test_base_agent.TestJsonSafetyC11" name="test_regex_captures_numeric_values" time="0.001" /><testcase classname="tests.test_base_agent.TestJsonSafetyC11" name="test_payload_size_guard" time="0.033" /><testcase classname="tests.test_base_agent.TestJsonSafetyC11" name="test_deep_nesting_visit_limit" time="0.001" /><testcase classname="tests.test_base_agent.TestQuotaLock" name="test_quota_lock_exists" time="0.000" /><testcase classname="tests.test_base_agent.TestQuotaLock" name="test_quota_write_under_lock" time="0.000" /><testcase classname="tests.test_base_agent.TestContextCacheEviction" name="test_expired_cache_pop" time="0.001" /><testcase classname="tests.test_base_agent.TestContextCacheEviction" name="test_eviction_snapshot" time="0.001" /><testcase classname="tests.test_blocking_validator_submodules.TestEntityChecks" name="test_dead_npc_recall_allowed" time="0.000" /><testcase classname="tests.test_blocking_validator_submodules.TestEntityChecks" name="test_dead_npc_action_blocked" time="0.000" /><testcase classname="tests.test_blocking_validator_submodules.TestEntityChecks" name="test_unowned_item_detected" time="0.000" /><testcase classname="tests.test_blocking_validator_submodules.TestEntityChecks" name="test_damaged_item_usage_detected" time="0.000" /><testcase classname="tests.test_blocking_validator_submodules.TestEntityChecks" name="test_destroyed_location_visit_detected" time="0.000" /><testcase classname="tests.test_blocking_validator_submodules.TestSceneChecks" name="test_minimum_length_pass" time="0.000" /><testcase classname="tests.test_blocking_validator_submodules.TestSceneChecks" name="test_minimum_length_fail" time="0.000" /><testcase classname="tests.test_blocking_validator_submodules.TestSceneChecks" name="test_required_scenes_calls_keyword_extractor" time="0.000" /><testcase classname="tests.test_blocking_validator_submodules.TestSceneChecks" name="test_scope_overflow_smoke" time="0.000" /><testcase classname="tests.test_blocking_validator_submodules.TestSceneChecks" name="test_strength_grade" time="0.000" /><testcase classname="tests.test_blocking_validator_submodules.TestConsistencyChecks" name="test_extract_keywords" time="0.000" /><testcase classname="tests.test_blocking_validator_submodules.TestConsistencyChecks" name="test_relationship_consistency_without_context" time="0.000" /><testcase classname="tests.test_blocking_validator_submodules.TestConsistencyChecks" name="test_information_consistency_without_context" time="0.000" /><testcase classname="tests.test_blocking_validator_submodules.TestIntegration" name="test_validate_runs" time="0.000" /><testcase classname="tests.test_blocking_validator_submodules.TestIntegration" name="test_lazy_init" time="0.000" /><testcase classname="tests.test_blocking_validator_submodules.TestDegradedCheck" name="test_degraded_counter_increments" time="0.002" /><testcase classname="tests.test_blocking_validator_submodules.TestDegradedCheck" name="test_single_degraded_no_all_warning" time="0.002" /><testcase classname="tests.test_blueprint_patch_mode.TestBlueprintPatchMode" name="test_patch_success" time="0.006" /><testcase classname="tests.test_blueprint_patch_mode.TestBlueprintPatchMode" name="test_patch_failure_returns_none" time="0.006" /><testcase classname="tests.test_blueprint_patch_mode.TestBlueprintPatchMode" name="test_patch_exception_returns_none" time="0.009" /><testcase classname="tests.test_blueprint_patch_mode.TestBlueprintPatchMode" name="test_yaml_load_failure_uses_inline_fallback" time="0.007" /><testcase classname="tests.test_blueprint_patch_mode.TestBlueprintPatchIntegration" name="test_retry1_with_high_score_enters_patch" time="0.008" /><testcase classname="tests.test_blueprint_patch_mode.TestBlueprintPatchIntegration" name="test_low_score_skips_patch" time="0.007" /><testcase classname="tests.test_catharsis_timer.TestInstantiation" name="test_default_genre" time="0.000" /><testcase classname="tests.test_catharsis_timer.TestInstantiation" name="test_custom_genre" time="0.000" /><testcase classname="tests.test_catharsis_timer.TestInstantiation" name="test_max_frustration_default" time="0.000" /><testcase classname="tests.test_catharsis_timer.TestInstantiation" name="test_custom_max_frustration" time="0.000" /><testcase classname="tests.test_catharsis_timer.TestCheckCatharsisTiming" name="test_returns_dict" time="0.000" /><testcase classname="tests.test_catharsis_timer.TestCheckCatharsisTiming" name="test_catharsis_detected" time="0.000" /><testcase classname="tests.test_catharsis_timer.TestCheckCatharsisTiming" name="test_no_catharsis" time="0.000" /><testcase classname="tests.test_catharsis_timer.TestCheckCatharsisTiming" name="test_with_history" time="0.000" /><testcase classname="tests.test_catharsis_timer.TestAnalyzeCatharsis" name="test_returns_dict" time="0.000" /><testcase classname="tests.test_catharsis_timer.TestAnalyzeCatharsis" name="test_empty_text" time="0.000" /><testcase classname="tests.test_catharsis_timer.TestGetRecommendedCatharsisType" name="test_returns_list" time="0.000" /><testcase classname="tests.test_catharsis_timer.TestGetRecommendedCatharsisType" name="test_with_context" time="0.000" /><testcase classname="tests.test_catharsis_timer.TestRecordEpisode" name="test_returns_dict" time="0.000" /><testcase classname="tests.test_catharsis_timer.TestRecordEpisode" name="test_sequential_recording" time="0.000" /><testcase classname="tests.test_chief_writer.TestChiefWriterInit" name="test_attributes_exist" time="0.001" /><testcase classname="tests.test_chief_writer.TestChiefWriterInit" name="test_ensemble_strategies_defined" time="0.001" /><testcase classname="tests.test_chief_writer.TestChiefWriterInit" name="test_inherits_base_agent" time="0.001" /><testcase classname="tests.test_chief_writer.TestChiefWriterInit" name="test_timeout_constants" time="0.001" /><testcase classname="tests.test_chief_writer.TestBuildCommonContext" name="test_contains_blueprint_info" time="0.002" /><testcase classname="tests.test_chief_writer.TestBuildCommonContext" name="test_contains_hud_report" time="0.005" /><testcase classname="tests.test_chief_writer.TestBuildCommonContext" name="test_contains_arc_doc" time="0.002" /><testcase classname="tests.test_chief_writer.TestBuildCommonContext" name="test_contains_common_rules" time="0.002" /><testcase classname="tests.test_chief_writer.TestBuildCommonContext" name="test_director_feedback_included" time="0.002" /><testcase classname="tests.test_chief_writer.TestBuildCommonContextNoStyleGuide" name="test_no_style_guide" time="0.002" /><testcase classname="tests.test_chief_writer.TestBuildCommonContextNoStyleGuide" name="test_with_style_guide" time="0.003" /><testcase classname="tests.test_chief_writer.TestBuildCommonContextPrevText" name="test_prev_manuscript_generates_digest" time="0.023" /><testcase classname="tests.test_chief_writer.TestBuildCommonContextPrevText" name="test_no_prev_manuscript" time="0.002" /><testcase classname="tests.test_chief_writer.TestGenerateEpisodeDigest" name="test_death_detection" time="0.001" /><testcase classname="tests.test_chief_writer.TestGenerateEpisodeDigest" name="test_skill_acquisition" time="0.001" /><testcase classname="tests.test_chief_writer.TestGenerateEpisodeDigest" name="test_item_acquisition" time="0.001" /><testcase classname="tests.test_chief_writer.TestGenerateEpisodeDigest" name="test_injury_detection" time="0.001" /><testcase classname="tests.test_chief_writer.TestGenerateEpisodeDigestEmpty" name="test_empty_manuscript" time="0.001" /><testcase classname="tests.test_chief_writer.TestGenerateEpisodeDigestEmpty" name="test_short_manuscript" time="0.001" /><testcase classname="tests.test_chief_writer.TestGenerateEpisodeDigestEmpty" name="test_no_events_manuscript" time="0.001" /><testcase classname="tests.test_chief_writer.TestBuildProhibitionPrompts" name="test_future_guard_with_inventory" time="0.001" /><testcase classname="tests.test_chief_writer.TestBuildProhibitionPrompts" name="test_future_guard_empty" time="0.001" /><testcase classname="tests.test_chief_writer.TestBuildProhibitionPrompts" name="test_past_guard_with_deaths" time="0.001" /><testcase classname="tests.test_chief_writer.TestBuildProhibitionPrompts" name="test_past_guard_no_prev" time="0.001" /><testcase classname="tests.test_chief_writer.TestGenerateEnsemble" name="test_returns_candidates_list" time="0.007" /><testcase classname="tests.test_chief_writer.TestGenerateEnsemble" name="test_candidate_structure" time="0.006" /><testcase classname="tests.test_chief_writer.TestRegenerateWithFeedback" name="test_feedback_enhanced" time="0.007" /><testcase classname="tests.test_chief_writer.TestSanitizeLeakage" name="test_removes_banned_keys" time="0.001" /><testcase classname="tests.test_chief_writer.TestSanitizeLeakage" name="test_removes_english_parentheses" time="0.002" /><testcase classname="tests.test_chief_writer.TestSanitizeLeakage" name="test_empty_text" time="0.001" /><testcase classname="tests.test_chief_writer.TestEvaluateWithRubric" name="test_returns_float" time="0.001" /><testcase classname="tests.test_chief_writer.TestEvaluateWithRubric" name="test_empty_content_returns_low" time="0.001" /><testcase classname="tests.test_chief_writer.TestEvaluateWithRubric" name="test_short_content_returns_low" time="0.002" /><testcase classname="tests.test_chief_writer.TestGetDnaInstruction" name="test_ep1_special_dna" time="0.001" /><testcase classname="tests.test_chief_writer.TestGetDnaInstruction" name="test_ep2_continuity_mode" time="0.001" /><testcase classname="tests.test_chief_writer.TestGetDnaInstruction" name="test_ep50_continuity_mode" time="0.001" /><testcase classname="tests.test_chief_writer.TestDetectDeaths" name="test_death_detection" time="0.001" /><testcase classname="tests.test_chief_writer.TestDetectDeaths" name="test_no_deaths" time="0.001" /><testcase classname="tests.test_chief_writer.TestDetectDeaths" name="test_empty_manuscript" time="0.001" /><testcase classname="tests.test_chief_writer.TestGetNpcEquipmentSummary" name="test_extracts_equipment" time="0.001" /><testcase classname="tests.test_chief_writer.TestGetNpcEquipmentSummary" name="test_empty_npcs" time="0.001" /><testcase classname="tests.test_chief_writer.TestGetNpcEquipmentSummary" name="test_no_equipment" time="0.001" /><testcase classname="tests.test_chief_writer.TestCheckHudConsistency" name="test_weak_with_strong_action_no_justification" time="0.001" /><testcase classname="tests.test_chief_writer.TestCheckHudConsistency" name="test_weak_with_strong_action_justified" time="0.001" /><testcase classname="tests.test_chief_writer.TestCheckHudConsistency" name="test_healthy_with_strong_action" time="0.001" /><testcase classname="tests.test_chief_writer.TestStage4OrchestratorInit" name="test_init_with_app" time="0.001" /><testcase classname="tests.test_chief_writer.TestStage4OrchestratorInit" name="test_has_main_method" time="0.002" /><testcase classname="tests.test_chief_writer.TestStage4OrchestratorEarlyExit" name="test_no_bible_exits" time="0.004" /><testcase classname="tests.test_chief_writer.TestStage4OrchestratorEarlyExit" name="test_no_arcs_exits" time="0.003" /><testcase classname="tests.test_chief_writer.TestStage4PerfTimer" name="test_perf_timer_attribute_accessed" time="0.002" /><testcase classname="tests.test_chief_writer.TestFutureGuardDeadNPCs" name="test_dead_npcs_section" time="0.001" /><testcase classname="tests.test_chief_writer.TestFutureGuardDeadNPCs" name="test_item_timeline_included" time="0.003" /><testcase classname="tests.test_chief_writer.TestExtractNumericValue" name="test_int_value" time="0.001" /><testcase classname="tests.test_chief_writer.TestExtractNumericValue" name="test_float_value" time="0.001" /><testcase classname="tests.test_chief_writer.TestExtractNumericValue" name="test_string_value" time="0.001" /><testcase classname="tests.test_chief_writer.TestExtractNumericValue" name="test_no_number" time="0.001" /><testcase classname="tests.test_chief_writer.TestExtractNumericValue" name="test_none_value" time="0.001" /><testcase classname="tests.test_chief_writer.TestCheckHudAnomalies" name="test_ep1_no_anomalies" time="0.001" /><testcase classname="tests.test_chief_writer.TestCheckHudAnomalies" name="test_no_cache_no_anomalies" time="0.001" /><testcase classname="tests.test_chief_writer.TestWorldOriginConstraint" name="test_modern_person_context" time="0.002" /><testcase classname="tests.test_chief_writer.TestWorldOriginConstraint" name="test_primitive_person_context" time="0.003" /><testcase classname="tests.test_chief_writer.TestSelfCritique" name="test_returns_expected_structure" time="0.001" /><testcase classname="tests.test_chief_writer.TestSelfCritique" name="test_severity_levels" time="0.001" /><testcase classname="tests.test_chief_writer.TestBuildAntiTropeInstructions" name="test_contains_genre" time="0.001" /><testcase classname="tests.test_chief_writer.TestBuildAntiTropeInstructions" name="test_contains_cliche_warnings" time="0.001" /><testcase classname="tests.test_chief_writer.TestPrefetchManuscripts" name="test_cache_populated" time="0.002" /><testcase classname="tests.test_chief_writer.TestPrefetchManuscripts" name="test_cache_reuse" time="0.001" /><testcase classname="tests.test_chief_writer.TestGenerateEnsembleLoggingLevels" name="test_cache_activation_uses_info_level" time="0.001" /><testcase classname="tests.test_chief_writer.TestGenerateEnsembleLoggingLevels" name="test_candidate_timeout_uses_warning_level" time="0.000" /><testcase classname="tests.test_chief_writer_context.TestInitAndContext" name="test_context_builder_init" time="0.001" /><testcase classname="tests.test_chief_writer_context.TestInitAndContext" name="test_context_property" time="0.001" /><testcase classname="tests.test_chief_writer_context.TestBuildCommonContext" name="test_build_common_context_returns_string" time="0.002" /><testcase classname="tests.test_chief_writer_context.TestBuildCommonContext" name="test_build_common_context_with_feedback" time="0.002" /><testcase classname="tests.test_chief_writer_context.TestDigestAndGuards" name="test_generate_episode_digest_empty" time="0.001" /><testcase classname="tests.test_chief_writer_context.TestDigestAndGuards" name="test_generate_episode_digest_extracts_death" time="0.002" /><testcase classname="tests.test_chief_writer_context.TestDigestAndGuards" name="test_detect_deaths_from_manuscript" time="0.001" /><testcase classname="tests.test_chief_writer_context.TestDigestAndGuards" name="test_detect_past_events_from_manuscript" time="0.001" /><testcase classname="tests.test_chief_writer_context.TestDigestAndGuards" name="test_build_past_guard_section" time="0.001" /><testcase classname="tests.test_chief_writer_context.TestDigestAndGuards" name="test_build_future_guard_section" time="0.001" /><testcase classname="tests.test_chief_writer_context.TestDigestAndGuards" name="test_build_future_guard_section_empty" time="0.001" /><testcase classname="tests.test_chief_writer_context.TestHudMethods" name="test_extract_numeric_value_int" time="0.001" /><testcase classname="tests.test_chief_writer_context.TestHudMethods" name="test_extract_numeric_value_string" time="0.001" /><testcase classname="tests.test_chief_writer_context.TestHudMethods" name="test_extract_numeric_value_none" time="0.001" /><testcase classname="tests.test_chief_writer_context.TestHudMethods" name="test_check_hud_anomalies_no_data" time="0.001" /><testcase classname="tests.test_chief_writer_context.TestHudMethods" name="test_check_hud_anomalies_energy_spike" time="0.001" /><testcase classname="tests.test_chief_writer_context.TestNpcAndDna" name="test_get_npc_equipment_summary" time="0.001" /><testcase classname="tests.test_chief_writer_context.TestNpcAndDna" name="test_get_npc_frequency" time="0.001" /><testcase classname="tests.test_chief_writer_context.TestNpcAndDna" name="test_get_npc_frequency_warning" time="0.001" /><testcase classname="tests.test_chief_writer_context.TestNpcAndDna" name="test_get_dna_instruction_ep1" time="0.001" /><testcase classname="tests.test_chief_writer_context.TestNpcAndDna" name="test_get_dna_instruction_ep5" time="0.001" /><testcase classname="tests.test_chief_writer_context.TestMandatoryAndHelpers" name="test_build_anti_trope_instructions" time="0.001" /><testcase classname="tests.test_chief_writer_context.TestMandatoryAndHelpers" name="test_build_mandatory_context" time="0.001" /><testcase classname="tests.test_chief_writer_context.TestMandatoryAndHelpers" name="test_extract_recent_events" time="0.001" /><testcase classname="tests.test_chief_writer_context.TestMandatoryAndHelpers" name="test_extract_npc_last_states" time="0.001" /><testcase classname="tests.test_chief_writer_context.TestMandatoryAndHelpers" name="test_build_justification_guidance_physical" time="0.001" /><testcase classname="tests.test_chief_writer_context.TestMandatoryAndHelpers" name="test_build_justification_guidance_none" time="0.001" /><testcase classname="tests.test_chief_writer_quality.TestQualityGateBasics" name="test_quality_gate_init" time="0.000" /><testcase classname="tests.test_chief_writer_quality.TestQualityGateBasics" name="test_sanitize_leakage_empty" time="0.000" /><testcase classname="tests.test_chief_writer_quality.TestQualityGateBasics" name="test_sanitize_leakage_removes_banned_keys" time="0.000" /><testcase classname="tests.test_chief_writer_quality.TestQualityGateBasics" name="test_sanitize_leakage_removes_english_parentheses" time="0.000" /><testcase classname="tests.test_chief_writer_quality.TestApplyAndCritique" name="test_apply_self_critique_high_rubric_skip" time="0.001" /><testcase classname="tests.test_chief_writer_quality.TestApplyAndCritique" name="test_apply_self_critique_high_rubric_structural_issue_proceeds" time="0.001" /><testcase classname="tests.test_chief_writer_quality.TestApplyAndCritique" name="test_apply_self_critique_low_rubric_runs" time="0.001" /><testcase classname="tests.test_chief_writer_quality.TestApplyAndCritique" name="test_self_critique_no_issues" time="0.001" /><testcase classname="tests.test_chief_writer_quality.TestCheckerMethods" name="test_check_hud_consistency" time="0.000" /><testcase classname="tests.test_chief_writer_quality.TestCheckerMethods" name="test_check_hud_consistency_none_hud_report" time="0.000" /><testcase classname="tests.test_chief_writer_quality.TestCheckerMethods" name="test_check_cliche_overuse" time="0.000" /><testcase classname="tests.test_chief_writer_quality.TestCheckerMethods" name="test_check_cliche_overuse_recent" time="0.001" /><testcase classname="tests.test_chief_writer_quality.TestCheckerMethods" name="test_check_justification_gaps" time="0.000" /><testcase classname="tests.test_chief_writer_quality.TestCheckerMethods" name="test_check_justification_gaps_none_hud_report" time="0.000" /><testcase classname="tests.test_chief_writer_quality.TestCheckerMethods" name="test_check_npc_relationship" time="0.000" /><testcase classname="tests.test_chief_writer_quality.TestFixAndRubric" name="test_fix_manuscript_issues_calls_llm" time="0.001" /><testcase classname="tests.test_chief_writer_quality.TestFixAndRubric" name="test_fix_manuscript_issues_fallback" time="0.000" /><testcase classname="tests.test_chief_writer_quality.TestFixAndRubric" name="test_evaluate_with_rubric_short" time="0.000" /><testcase classname="tests.test_chief_writer_quality.TestFixAndRubric" name="test_evaluate_with_rubric_good" time="0.001" /><testcase classname="tests.test_chief_writer_quality.TestRecentCliches" name="test_count_recent_cliches" time="0.000" /><testcase classname="tests.test_chief_writer_quality.TestRecentCliches" name="test_count_recent_cliches_empty_cache" time="0.000" /><testcase classname="tests.test_config_manager" name="test_load_settings_missing_file_returns_empty" time="0.002" /><testcase classname="tests.test_config_manager" name="test_load_settings_reads_yaml" time="0.004" /><testcase classname="tests.test_config_manager" name="test_get_guard_threshold_returns_default_on_missing_key" time="0.003" /><testcase classname="tests.test_config_manager" name="test_get_guard_threshold_type_mismatch_fallback" time="0.004" /><testcase classname="tests.test_config_manager" name="test_get_guard_threshold_numeric_coercion" time="0.003" /><testcase classname="tests.test_config_manager" name="test_get_validation_policy_alias" time="0.005" /><testcase classname="tests.test_config_manager" name="test_get_feature_flag_bool" time="0.003" /><testcase classname="tests.test_config_manager" name="test_get_feature_flag_type_mismatch_fallback" time="0.003" /><testcase classname="tests.test_config_manager" name="test_cache_and_invalidate" time="0.005" /><testcase classname="tests.test_config_manager" name="test_force_reload_bypasses_cache" time="0.005" /><testcase classname="tests.test_config_manager" name="test_malformed_yaml_returns_empty" time="0.003" /><testcase classname="tests.test_config_manager" name="test_nested_three_levels" time="0.003" /><testcase classname="tests.test_config_manager" name="test_none_default_accepts_any_type" time="0.004" /><testcase classname="tests.test_config_manager" name="test_existing_api_model_lookup" time="0.002" /><testcase classname="tests.test_config_manager" name="test_existing_api_getitem" time="0.003" /><testcase classname="tests.test_config_manager" name="test_missing_feature_flag_default" time="0.003" /><testcase classname="tests.test_config_manager" name="test_blocking_threshold_no_yaml_uses_default" time="0.002" /><testcase classname="tests.test_config_manager" name="test_blocking_threshold_yaml_override" time="0.003" /><testcase classname="tests.test_config_manager" name="test_scoring_threshold_no_yaml_uses_default" time="0.002" /><testcase classname="tests.test_config_manager" name="test_scoring_threshold_yaml_override" time="0.004" /><testcase classname="tests.test_config_manager" name="test_threshold_type_mismatch_uses_default" time="0.003" /><testcase classname="tests.test_config_manager" name="test_continuity_proximity_no_yaml_default" time="0.003" /><testcase classname="tests.test_config_manager" name="test_continuity_proximity_yaml_override" time="0.004" /><testcase classname="tests.test_config_manager" name="test_advisory_max_suggestions_no_yaml_default" time="0.003" /><testcase classname="tests.test_config_manager" name="test_advisory_max_suggestions_yaml_override" time="0.003" /><testcase classname="tests.test_consistency_validator" name="test_authority_delegation_uses_per_violation_justification_flag" time="0.000" /><testcase classname="tests.test_consistency_validator" name="test_effect_consistency_guard_handles_none_rule_map" time="0.000" /><testcase classname="tests.test_continuity_modules.TestContinuityArcValidatorInit" name="test_init_stores_inspector_ref" time="0.001" /><testcase classname="tests.test_continuity_modules.TestContinuityArcValidatorInit" name="test_init_has_public_methods" time="0.001" /><testcase classname="tests.test_continuity_modules.TestContinuityArcValidatorTimeline" name="test_arc1_returns_pass_without_prev_arcs" time="0.001" /><testcase classname="tests.test_continuity_modules.TestContinuityArcValidatorTimeline" name="test_arc_with_prev_arcs_calls_llm" time="0.004" /><testcase classname="tests.test_continuity_modules.TestContinuityArcValidatorTimeline" name="test_missing_tactical_doc_returns_reject" time="0.001" /><testcase classname="tests.test_continuity_modules.TestContinuityArcValidatorIntraArc" name="test_intra_arc_duplicate_acquisition" time="0.003" /><testcase classname="tests.test_continuity_modules.TestContinuityArcValidatorIntraArc" name="test_intra_arc_injury_state_discontinuity" time="0.002" /><testcase classname="tests.test_continuity_modules.TestContinuityArcValidatorIntraArc" name="test_format_prev_arcs_returns_string" time="0.001" /><testcase classname="tests.test_continuity_modules.TestContinuityArcValidatorIntraArc" name="test_extract_last_episode_content" time="0.001" /><testcase classname="tests.test_continuity_modules.TestContinuityManuscriptValidatorInit" name="test_init_stores_inspector_ref" time="0.001" /><testcase classname="tests.test_continuity_modules.TestContinuityManuscriptValidatorInit" name="test_has_acquisition_and_possession_patterns" time="0.002" /><testcase classname="tests.test_continuity_modules.TestContinuityManuscriptBlueprintMatch" name="test_first_episode_blueprint_only" time="0.001" /><testcase classname="tests.test_continuity_modules.TestContinuityManuscriptBlueprintMatch" name="test_empty_manuscript_rejected" time="0.001" /><testcase classname="tests.test_continuity_modules.TestContinuityManuscriptContradiction" name="test_villain_intelligence_detection" time="0.001" /><testcase classname="tests.test_continuity_modules.TestContinuityManuscriptContradiction" name="test_villain_intelligence_learning_reaction_is_minor" time="0.001" /><testcase classname="tests.test_continuity_modules.TestContinuityManuscriptContradiction" name="test_time_flow_warning" time="0.001" /><testcase classname="tests.test_continuity_modules.TestContinuityManuscriptCrossEpisodeDuplication" name="test_check_reader_immersion_free_powerup" time="0.002" /><testcase classname="tests.test_continuity_modules.TestContinuityManuscriptCrossEpisodeDuplication" name="test_skill_timeline_unlearned_skill" time="0.006" /><testcase classname="tests.test_continuity_modules.TestContinuityManuscriptCrossEpisodeDuplication" name="test_relationship_jump_detection" time="0.001" /><testcase classname="tests.test_continuity_modules.TestContinuityBlueprintValidatorInit" name="test_init_stores_inspector_ref" time="0.002" /><testcase classname="tests.test_continuity_modules.TestContinuityBlueprintValidatorInit" name="test_has_public_api" time="0.001" /><testcase classname="tests.test_continuity_modules.TestContinuityBlueprintValidation" name="test_first_ep_auto_pass" time="0.001" /><testcase classname="tests.test_continuity_modules.TestContinuityBlueprintValidation" name="test_missing_scenario_rejected" time="0.001" /><testcase classname="tests.test_continuity_modules.TestContinuityBlueprintValidation" name="test_normal_inspection_calls_llm" time="0.002" /><testcase classname="tests.test_continuity_modules.TestContinuityBlueprintValidation" name="test_python_precheck_duplicate_item" time="0.001" /><testcase classname="tests.test_continuity_modules.TestContinuityBlueprintValidation" name="test_format_prev_blueprints_returns_string" time="0.001" /><testcase classname="tests.test_continuity_modules.TestContinuityTrackerInit" name="test_init_stores_inspector_ref" time="0.001" /><testcase classname="tests.test_continuity_modules.TestContinuityTrackerInit" name="test_has_public_api" time="0.001" /><testcase classname="tests.test_continuity_modules.TestContinuityTrackerUpdate" name="test_init_trackers_disabled_when_modules_unavailable" time="0.002" /><testcase classname="tests.test_continuity_modules.TestContinuityTrackerUpdate" name="test_validate_with_trackers_disabled" time="0.002" /><testcase classname="tests.test_continuity_modules.TestContinuityTrackerQuery" name="test_load_trackers_from_db_disabled" time="0.001" /><testcase classname="tests.test_continuity_modules.TestContinuityTrackerQuery" name="test_load_trackers_from_db_empty_arcs" time="0.003" /><testcase classname="tests.test_continuity_modules.TestContinuityTrackerQuery" name="test_load_trackers_from_db_with_arc_data" time="0.002" /><testcase classname="tests.test_continuity_modules.TestContinuityTrackerQuery" name="test_get_protagonist_name_fallback" time="0.001" /><testcase classname="tests.test_continuity_modules.TestPreDirectorChecklistInit" name="test_init_enabled_by_default" time="0.000" /><testcase classname="tests.test_continuity_modules.TestPreDirectorChecklistInit" name="test_disabled_returns_empty_pass" time="0.000" /><testcase classname="tests.test_continuity_modules.TestPreDirectorChecklistInit" name="test_has_length_constants" time="0.000" /><testcase classname="tests.test_continuity_modules.TestPreDirectorChecklistGeneration" name="test_manuscript_check_returns_result" time="0.005" /><testcase classname="tests.test_continuity_modules.TestPreDirectorChecklistGeneration" name="test_blueprint_check_returns_result" time="0.000" /><testcase classname="tests.test_continuity_modules.TestPreDirectorChecklistGeneration" name="test_manuscript_too_short_fails" time="0.000" /><testcase classname="tests.test_continuity_modules.TestPreDirectorChecklistConstraintMap" name="test_blueprint_required_fields_check" time="0.000" /><testcase classname="tests.test_continuity_modules.TestPreDirectorChecklistConstraintMap" name="test_blueprint_scene_count_check" time="0.000" /><testcase classname="tests.test_continuity_modules.TestPreDirectorChecklistConstraintMap" name="test_forbidden_patterns_detected" time="0.001" /><testcase classname="tests.test_continuity_modules.TestPreDirectorChecklistEmptyInput" name="test_empty_manuscript" time="0.000" /><testcase classname="tests.test_continuity_modules.TestPreDirectorChecklistEmptyInput" name="test_empty_blueprint_json" time="0.000" /><testcase classname="tests.test_continuity_modules.TestPreDirectorChecklistEmptyInput" name="test_invalid_blueprint_json" time="0.000" /><testcase classname="tests.test_continuity_modules.TestPreDirectorChecklistEmptyInput" name="test_get_feedback_empty_when_all_pass" time="0.000" /><testcase classname="tests.test_continuity_modules.TestPreDirectorChecklistEmptyInput" name="test_get_feedback_with_blocking_reasons" time="0.000" /><testcase classname="tests.test_continuity_modules.TestPreDirectorChecklistNarrativeFlow" name="test_cliche_density_high" time="0.002" /><testcase classname="tests.test_continuity_modules.TestPreDirectorChecklistNarrativeFlow" name="test_sentence_variety_high_repetition" time="0.000" /><testcase classname="tests.test_continuity_modules.TestPreDirectorChecklistNarrativeFlow" name="test_pacing_rhythm_all_action" time="0.003" /><testcase classname="tests.test_continuity_modules.TestContinuityArcLLMFailure" name="test_llm_failure_returns_pass_with_warning" time="0.002" /><testcase classname="tests.test_continuity_modules.TestContinuityManuscriptLLMFailure" name="test_llm_failure_returns_pass" time="0.019" /><testcase classname="tests.test_continuity_modules.TestContinuityBlueprintLLMFailure" name="test_llm_failure_returns_pass" time="0.060" /><testcase classname="tests.test_continuity_modules.TestPreDirectorChecklistDialogueRatio" name="test_no_dialogue_fails" time="0.000" /><testcase classname="tests.test_continuity_modules.TestPreDirectorChecklistDialogueRatio" name="test_balanced_dialogue_passes" time="0.001" /><testcase classname="tests.test_continuity_modules.TestContinuityArcGenerateFixInstructions" name="test_generate_fix_instructions_duplicate" time="0.001" /><testcase classname="tests.test_continuity_modules.TestContinuityArcGenerateFixInstructions" name="test_generate_fix_instructions_empty" time="0.001" /><testcase classname="tests.test_cost_tracking" name="test_save_cost_record_and_get_cost_summary" time="0.246" /><testcase classname="tests.test_cost_tracking" name="test_get_cost_summary_filter_and_limit" time="0.278" /><testcase classname="tests.test_cost_tracking" name="test_snapshot_and_reset_scope" time="0.002" /><testcase classname="tests.test_cross_episode_repetition.TestSentenceHashDB" name="test_table_and_index_created" time="0.234" /><testcase classname="tests.test_cross_episode_repetition.TestSentenceHashDB" name="test_store_and_get_roundtrip" time="0.223" /><testcase classname="tests.test_cross_episode_repetition.TestSentenceHashDB" name="test_find_repeated_with_lookback" time="0.221" /><testcase classname="tests.test_cross_episode_repetition.TestSentenceHashDB" name="test_empty_input_safe" time="0.235" /><testcase classname="tests.test_cross_episode_repetition.TestSentenceFingerprint" name="test_basic_extraction" time="0.001" /><testcase classname="tests.test_cross_episode_repetition.TestSentenceFingerprint" name="test_min_length_filter" time="0.000" /><testcase classname="tests.test_cross_episode_repetition.TestSentenceFingerprint" name="test_duplicate_sentences_deduplicated" time="0.000" /><testcase classname="tests.test_cross_episode_repetition.TestSentenceFingerprint" name="test_normalization_whitespace" time="0.000" /><testcase classname="tests.test_cross_episode_repetition.TestCrossEpisodeDetection" name="test_overlap_warning" time="0.000" /><testcase classname="tests.test_cross_episode_repetition.TestCrossEpisodeDetection" name="test_overlap_regression" time="0.000" /><testcase classname="tests.test_cross_episode_repetition.TestCrossEpisodeDetection" name="test_below_threshold_returns_none" time="0.000" /><testcase classname="tests.test_cross_episode_repetition.TestCrossEpisodeDetection" name="test_empty_returns_none" time="0.000" /><testcase classname="tests.test_cross_episode_repetition.TestCrossEpisodeDetection" name="test_result_keys_complete" time="0.000" /><testcase classname="tests.test_db_manager.TestDBManagerCRUD" name="test_save_and_load_anchor" time="0.229" /><testcase classname="tests.test_db_manager.TestDBManagerCRUD" name="test_load_nonexistent_anchor" time="0.236"><skipped type="pytest.xfail" message="load_anchor returns {} instead of None + Windows file lock" /><skipped type="pytest.xfail" message="load_anchor returns {} instead of None + Windows file lock" /></testcase><testcase classname="tests.test_db_manager.TestDBManagerCRUD" name="test_update_anchor" time="0.225" /><testcase classname="tests.test_db_manager.TestDBManagerCRUD" name="test_save_blueprint" time="0.000"><skipped type="pytest.xfail" message="[NOTRUN] DBManager API drift + Windows SQLite file lock" /></testcase><testcase classname="tests.test_db_manager.TestDBManagerCRUD" name="test_save_manuscript" time="0.000"><skipped type="pytest.xfail" message="[NOTRUN] DBManager API drift + Windows SQLite file lock" /></testcase><testcase classname="tests.test_db_manager.TestDBManagerCRUD" name="test_get_latest_episode_number" time="0.000"><skipped type="pytest.xfail" message="[NOTRUN] DBManager API drift + Windows SQLite file lock" /></testcase><testcase classname="tests.test_db_manager.TestDBManagerCRUD" name="test_load_all_anchors" time="0.250" /><testcase classname="tests.test_db_manager.TestDBManagerCRUD" name="test_delete_anchor" time="0.000"><skipped type="pytest.xfail" message="[NOTRUN] DBManager API drift + Windows SQLite file lock" /></testcase><testcase classname="tests.test_db_manager.TestDBManagerCRUD" name="test_unicode_data" time="0.256" /><testcase classname="tests.test_db_manager.TestDBManagerCRUD" name="test_large_data" time="0.000"><skipped type="pytest.xfail" message="[NOTRUN] DBManager API drift + Windows SQLite file lock" /></testcase><testcase classname="tests.test_db_manager.TestDBManagerTransaction" name="test_transaction_commit" time="0.217" /><testcase classname="tests.test_db_manager.TestDBManagerTransaction" name="test_transaction_rollback_on_error" time="0.000"><skipped type="pytest.xfail" message="[NOTRUN] DBManager API drift + Windows SQLite file lock" /></testcase><testcase classname="tests.test_db_manager.TestDBManagerTransaction" name="test_nested_transaction_warning" time="0.271" /><testcase classname="tests.test_db_manager.TestDBManagerExceptionHandling" name="test_integrity_error_handling" time="0.231" /><testcase classname="tests.test_db_manager.TestDBManagerExceptionHandling" name="test_connection_reopen" time="0.247" /><testcase classname="tests.test_db_manager.TestDBManagerExceptionHandling" name="test_invalid_json_handling" time="0.000"><skipped type="pytest.xfail" message="[NOTRUN] DBManager API drift + Windows SQLite file lock" /></testcase><testcase classname="tests.test_db_manager.TestDBManagerMigration" name="test_auto_migration_on_init" time="0.232" /><testcase classname="tests.test_db_manager.TestDBManagerMigration" name="test_version_tracking" time="0.241" /><testcase classname="tests.test_db_manager.TestGetAllEpisodeBiblesJsonSafety" name="test_malformed_json_row_does_not_crash" time="0.232" /><testcase classname="tests.test_db_merge.TestSharedMode" name="test_shared_mode_creation" time="0.717" /><testcase classname="tests.test_db_merge.TestSharedMode" name="test_shared_mode_operational" time="0.648" /><testcase classname="tests.test_db_merge.TestSharedMode" name="test_shared_mode_close_preserves_connection" time="1.174" /><testcase classname="tests.test_db_merge.TestSharedMode" name="test_standalone_mode_unchanged" time="0.374" /><testcase classname="tests.test_db_merge.TestMigration" name="test_migration_copies_episode_meta" time="0.298" /><testcase classname="tests.test_db_merge.TestMigration" name="test_no_migration_when_no_old_db" time="0.228" /><testcase classname="tests.test_director_bias" name="test_detect_director_bias_high_avg_warns" time="0.000" /><testcase classname="tests.test_director_bias" name="test_detect_director_bias_low_avg_warns" time="0.000" /><testcase classname="tests.test_director_bias" name="test_detect_director_bias_insufficient_samples_no_warning" time="0.000" /><testcase classname="tests.test_director_bias" name="test_detect_director_bias_uses_numeric_score_denominator" time="0.000" /><testcase classname="tests.test_director_modules.TestDirectorCaching" name="test_initial_cache_state" time="0.001" /><testcase classname="tests.test_director_modules.TestDirectorCaching" name="test_build_manuscript_history_empty_db" time="0.001" /><testcase classname="tests.test_director_modules.TestDirectorCaching" name="test_build_manuscript_history_with_data" time="0.001" /><testcase classname="tests.test_director_modules.TestDirectorCaching" name="test_get_protagonist_config_caching" time="0.001" /><testcase classname="tests.test_director_modules.TestDirectorCaching" name="test_get_protagonist_config_empty_bible" time="0.000" /><testcase classname="tests.test_director_modules.TestDirectorCaching" name="test_create_manuscript_cache_disabled" time="0.001" /><testcase classname="tests.test_director_modules.TestDirectorCaching" name="test_create_manuscript_cache_no_previous" time="0.001" /><testcase classname="tests.test_director_modules.TestDirectorGrading" name="test_quality_weights_sum_to_one" time="0.000" /><testcase classname="tests.test_director_modules.TestDirectorGrading" name="test_quality_grades_ordering" time="0.000" /><testcase classname="tests.test_director_modules.TestDirectorGrading" name="test_grade_manuscript_high_score" time="0.000" /><testcase classname="tests.test_director_modules.TestDirectorGrading" name="test_grade_manuscript_low_score" time="0.000" /><testcase classname="tests.test_director_modules.TestDirectorGrading" name="test_extract_category_score_missing" time="0.000" /><testcase classname="tests.test_director_modules.TestDirectorGrading" name="test_generate_revision_guide_grade_d" time="0.000" /><testcase classname="tests.test_director_modules.TestDirectorGrading" name="test_generate_revision_guide_grade_a" time="0.000" /><testcase classname="tests.test_director_modules.TestDirectorGrading" name="test_format_revision_report" time="0.000" /><testcase classname="tests.test_director_modules.TestDirectorGrading" name="test_weakness_descriptions" time="0.000" /><testcase classname="tests.test_director_modules.TestDirectorEnsemble" name="test_select_and_judge_ensemble_method_exists" time="0.003" /><testcase classname="tests.test_director_modules.TestDirectorEnsemble" name="test_compare_and_select_blueprint_no_candidates" time="0.003" /><testcase classname="tests.test_director_modules.TestDirectorEnsemble" name="test_compare_and_select_single_candidate_pass" time="0.003" /><testcase classname="tests.test_director_modules.TestDirectorEnsemble" name="test_compare_and_select_single_candidate_reject_short" time="0.003" /><testcase classname="tests.test_director_modules.TestDirectorEnsemble" name="test_compare_and_select_single_candidate_reject_few_scenes" time="0.003" /><testcase classname="tests.test_director_modules.TestDirectorEnsemble" name="test_ensemble_all_short_manuscripts_reject" time="0.003" /><testcase classname="tests.test_director_modules.TestDirectorEnsemble" name="test_quick_judge_single_short_manuscript" time="0.003" /><testcase classname="tests.test_director_modules.TestDirectorContinuity" name="test_validate_entity_consistency_disabled" time="0.003" /><testcase classname="tests.test_director_modules.TestDirectorContinuity" name="test_validate_entity_consistency_empty_registry" time="0.003" /><testcase classname="tests.test_director_modules.TestDirectorContinuity" name="test_format_entity_registry_empty" time="0.003" /><testcase classname="tests.test_director_modules.TestDirectorContinuity" name="test_format_entity_registry_with_characters" time="0.003" /><testcase classname="tests.test_director_modules.TestDirectorContinuity" name="test_validate_blueprint_completeness_empty_blueprint" time="0.003" /><testcase classname="tests.test_director_modules.TestDirectorContinuity" name="test_validate_blueprint_completeness_good_coverage" time="0.003" /><testcase classname="tests.test_director_modules.TestDirectorContinuity" name="test_check_manuscript_history_conflicts_disabled" time="0.003" /><testcase classname="tests.test_director_modules.TestDirectorContinuity" name="test_check_manuscript_history_conflicts_no_history" time="0.003" /><testcase classname="tests.test_director_modules.TestDirectorContinuity" name="test_check_blueprint_continuity_ep1" time="0.003" /><testcase classname="tests.test_director_modules.TestDirectorContinuity" name="test_check_manuscript_continuity_ep1" time="0.003" /><testcase classname="tests.test_director_modules.TestDirectorContinuity" name="test_check_manuscript_history_with_cache_no_cache" time="0.002" /><testcase classname="tests.test_director_modules.TestDirectorContinuitySweep21" name="test_check_manuscript_continuity_reuses_cached_context_name" time="0.003" /><testcase classname="tests.test_director_modules.TestDirectorContinuitySweep21" name="test_validate_entity_consistency_logs_warning_on_mismatch" time="0.003" /><testcase classname="tests.test_director_modules.TestDirectorAuditor" name="test_audit_manuscript_method_exists" time="0.003" /><testcase classname="tests.test_director_modules.TestDirectorAuditor" name="test_genre_validation_no_guard" time="0.004" /><testcase classname="tests.test_director_modules.TestDirectorAuditor" name="test_assess_character_logic_no_profiles" time="0.003" /><testcase classname="tests.test_director_modules.TestDirectorAuditor" name="test_audit_with_v0128_delegation" time="0.004" /><testcase classname="tests.test_director_modules.TestDirectorAuditor" name="test_audit_manuscript_v0128_error_handling" time="0.003" /><testcase classname="tests.test_director_modules.TestDirectorAuditor" name="test_audit_manuscript_legacy_expand_prev_called_once" time="0.003" /><testcase classname="tests.test_director_modules.TestDirectorFacade" name="test_facade_has_all_submodules" time="0.003" /><testcase classname="tests.test_director_modules.TestDirectorFacade" name="test_facade_grade_manuscript_delegates" time="0.003" /><testcase classname="tests.test_director_modules.TestDirectorFacade" name="test_facade_ensemble_select_delegates" time="0.003" /><testcase classname="tests.test_director_modules.TestDirectorFacade" name="test_facade_history_conflicts_delegates" time="0.003" /><testcase classname="tests.test_director_modules.TestDirectorFacade" name="test_facade_quick_judge_delegates" time="0.003" /><testcase classname="tests.test_director_modules.TestDirectorFacade" name="test_facade_create_cache_delegates" time="0.003" /><testcase classname="tests.test_director_modules.TestDirectorFacade" name="test_facade_format_revision_delegates" time="0.003" /><testcase classname="tests.test_director_modules.TestDirectorCoreMethods" name="test_set_genre" time="0.003" /><testcase classname="tests.test_director_modules.TestDirectorCoreMethods" name="test_set_guard" time="0.003" /><testcase classname="tests.test_director_modules.TestDirectorCoreMethods" name="test_get_adaptive_threshold_disabled" time="0.003" /><testcase classname="tests.test_director_modules.TestDirectorCoreMethods" name="test_get_adaptive_threshold_intro_episode" time="0.003" /><testcase classname="tests.test_director_modules.TestDirectorCoreMethods" name="test_get_adaptive_threshold_climax_episode" time="0.004" /><testcase classname="tests.test_director_modules.TestDirectorCoreMethods" name="test_get_adaptive_threshold_genre_investment" time="0.003" /><testcase classname="tests.test_director_modules.TestDirectorCoreMethods" name="test_get_adaptive_threshold_retry_relaxation" time="0.003" /><testcase classname="tests.test_director_modules.TestDirectorCoreMethods" name="test_get_adaptive_threshold_clamped" time="0.003" /><testcase classname="tests.test_director_modules.TestDirectorCoreMethods" name="test_apply_adaptive_decision_pass_above_threshold" time="0.003" /><testcase classname="tests.test_director_modules.TestDirectorCoreMethods" name="test_apply_adaptive_decision_reject_overridden" time="0.003" /><testcase classname="tests.test_director_modules.TestDirectorCoreMethods" name="test_apply_adaptive_decision_pass_below_threshold" time="0.003" /><testcase classname="tests.test_director_modules.TestDirectorCoreMethods" name="test_on_approve_workflow_empty_updates" time="0.003" /><testcase classname="tests.test_director_modules.TestDirectorCoreMethods" name="test_on_approve_workflow_valid_updates" time="0.003" /><testcase classname="tests.test_director_modules.TestDirectorCoreMethods" name="test_on_approve_workflow_rejects_excessive_increase" time="0.004" /><testcase classname="tests.test_director_modules.TestDirectorCoreMethods" name="test_audit_manuscript_too_short" time="0.003" /><testcase classname="tests.test_director_modules.TestDirectorCoreMethods" name="test_validate_protagonist_config_modern_origin_pass" time="0.003" /><testcase classname="tests.test_director_modules.TestDirectorCoreMethods" name="test_protagonist_config_disabled" time="0.003" /><testcase classname="tests.test_director_modules.TestDirectorCoreMethods" name="test_quality_grades_constant_accessible" time="0.003" /><testcase classname="tests.test_director_modules.TestDirectorCoreMethods" name="test_ensemble_prompt_constant_accessible" time="0.003" /><testcase classname="tests.test_edge_cases.TestExtremeValues" name="test_empty_string_manuscript" time="0.263"><skipped type="pytest.xfail" message="Windows SQLite file lock - DB handle not closed before fixture cleanup" /><skipped type="pytest.xfail" message="Windows SQLite file lock - DB handle not closed before fixture cleanup" /></testcase><testcase classname="tests.test_edge_cases.TestExtremeValues" name="test_zero_length_validation" time="0.000"><skipped type="pytest.xfail" message="BlockingValidator behavior changed" /></testcase><testcase classname="tests.test_edge_cases.TestExtremeValues" name="test_very_long_manuscript" time="0.239"><skipped type="pytest.xfail" message="Windows SQLite file lock - DB handle not closed before fixture cleanup" /><skipped type="pytest.xfail" message="Windows SQLite file lock - DB handle not closed before fixture cleanup" /></testcase><testcase classname="tests.test_edge_cases.TestExtremeValues" name="test_unicode_special_characters" time="0.238" /><testcase classname="tests.test_edge_cases.TestExtremeValues" name="test_null_and_none_values" time="0.236" /><testcase classname="tests.test_edge_cases.TestExtremeValues" name="test_negative_numbers" time="0.234" /><testcase classname="tests.test_edge_cases.TestExtremeValues" name="test_very_deep_nesting" time="0.216" /><testcase classname="tests.test_edge_cases.TestExtremeValues" name="test_large_array" time="0.224" /><testcase classname="tests.test_edge_cases.TestDBCorruptionRecovery" name="test_corrupted_json_recovery" time="0.247"><skipped type="pytest.xfail" message="Windows SQLite file lock - DB handle not closed before fixture cleanup" /><skipped type="pytest.xfail" message="Windows SQLite file lock - DB handle not closed before fixture cleanup" /></testcase><testcase classname="tests.test_edge_cases.TestDBCorruptionRecovery" name="test_partial_transaction_recovery" time="0.230" /><testcase classname="tests.test_edge_cases.TestDBCorruptionRecovery" name="test_file_permission_error_handling" time="0.001" /><testcase classname="tests.test_edge_cases.TestDBCorruptionRecovery" name="test_disk_full_simulation" time="0.000" /><testcase classname="tests.test_edge_cases.TestVectorDBLock" name="test_vectordb_lock_detection" time="0.001" /><testcase classname="tests.test_edge_cases.TestVectorDBLock" name="test_vectordb_lock_recovery_hint" time="0.001" /><testcase classname="tests.test_edge_cases.TestVectorDBLock" name="test_concurrent_vectordb_access" time="0.001" /><testcase classname="tests.test_edge_cases.TestStageSkipCompatibility" name="test_stage1_skip_with_existing_volumes" time="0.230" /><testcase classname="tests.test_edge_cases.TestStageSkipCompatibility" name="test_stage1_skip_then_stage2_compatibility" time="0.232" /><testcase classname="tests.test_edge_cases.TestStageSkipCompatibility" name="test_partial_stage_completion_resume" time="0.237" /><testcase classname="tests.test_edge_cases.TestNetworkTimeout" name="test_api_timeout_handling" time="0.001"><skipped type="pytest.xfail" message="BaseAgent.__init__ signature changed" /></testcase><testcase classname="tests.test_edge_cases.TestNetworkTimeout" name="test_retry_with_backoff" time="0.000" /><testcase classname="tests.test_edge_cases.TestNetworkTimeout" name="test_quota_exceeded_handling" time="0.001"><skipped type="pytest.xfail" message="BaseAgent.__init__ signature changed" /></testcase><testcase classname="tests.test_edge_cases.TestNetworkTimeout" name="test_network_error_recovery" time="0.000" /><testcase classname="tests.test_edge_cases.TestBoundaryConditions" name="test_episode_number_boundaries" time="0.224"><skipped type="pytest.xfail" message="Windows SQLite file lock - DB handle not closed before fixture cleanup" /><skipped type="pytest.xfail" message="Windows SQLite file lock - DB handle not closed before fixture cleanup" /></testcase><testcase classname="tests.test_edge_cases.TestBoundaryConditions" name="test_volume_boundaries" time="0.000" /><testcase classname="tests.test_edge_cases.TestBoundaryConditions" name="test_arc_boundaries" time="0.000" /><testcase classname="tests.test_edge_cases.TestBoundaryConditions" name="test_score_boundaries" time="0.000" /><testcase classname="tests.test_edge_cases.TestBoundaryConditions" name="test_retry_count_boundaries" time="0.000" /><testcase classname="tests.test_edge_cases.TestMemoryAndPerformance" name="test_large_batch_processing" time="0.370"><skipped type="pytest.xfail" message="Windows SQLite file lock - DB handle not closed before fixture cleanup" /><skipped type="pytest.xfail" message="Windows SQLite file lock - DB handle not closed before fixture cleanup" /></testcase><testcase classname="tests.test_edge_cases.TestMemoryAndPerformance" name="test_repeated_open_close" time="0.341" /><testcase classname="tests.test_edge_cases.TestMemoryAndPerformance" name="test_concurrent_read_write" time="0.271" /><testcase classname="tests.test_fact_ledger" name="test_get_stats_handles_non_dict_character_entries" time="0.000" /><testcase classname="tests.test_fact_ledger" name="test_get_dead_characters_handles_non_dict_entries" time="0.000" /><testcase classname="tests.test_fact_ledger" name="test_get_alive_characters_handles_non_dict_entries" time="0.000" /><testcase classname="tests.test_fact_ledger" name="test_extract_numerical_facts_from_state_changes" time="0.000" /><testcase classname="tests.test_fact_ledger" name="test_extract_numerical_facts_empty_safe" time="0.000" /><testcase classname="tests.test_feedback_system.TestBuildStructuredFeedback" name="test_basic_structure" time="0.000" /><testcase classname="tests.test_feedback_system.TestBuildStructuredFeedback" name="test_reason_truncation" time="0.000" /><testcase classname="tests.test_feedback_system.TestBuildStructuredFeedback" name="test_fix_instructions_truncation" time="0.000" /><testcase classname="tests.test_feedback_system.TestBuildStructuredFeedback" name="test_empty_violations" time="0.000" /><testcase classname="tests.test_feedback_system.TestBuildStructuredFeedback" name="test_priority_order_included" time="0.000" /><testcase classname="tests.test_feedback_system.TestGetViolationPriority" name="test_priority_ordering" time="0.000" /><testcase classname="tests.test_feedback_system.TestGetViolationPriority" name="test_unknown_type_last" time="0.000" /><testcase classname="tests.test_feedback_system.TestGetViolationPriority" name="test_empty_list" time="0.000" /><testcase classname="tests.test_feedback_system.TestFormatFeedbackForPrompt" name="test_reject_formatting" time="0.000" /><testcase classname="tests.test_feedback_system.TestFormatFeedbackForPrompt" name="test_pass_returns_empty" time="0.000" /><testcase classname="tests.test_feedback_system.TestFormatFeedbackForPrompt" name="test_empty_feedback" time="0.000" /><testcase classname="tests.test_feedback_system.TestQuantifyRejectFeedback" name="test_short_content_quantification" time="0.000" /><testcase classname="tests.test_feedback_system.TestQuantifyRejectFeedback" name="test_dialogue_quantification" time="0.000" /><testcase classname="tests.test_feedback_system.TestQuantifyRejectFeedback" name="test_density_quantification" time="0.000" /><testcase classname="tests.test_feedback_system.TestQuantifyRejectFeedback" name="test_scene_quantification" time="0.000" /><testcase classname="tests.test_feedback_system.TestQuantifyRejectFeedback" name="test_no_issues" time="0.000" /><testcase classname="tests.test_feedback_system.TestBuildStrongKindFeedback" name="test_duplicate_acquisition" time="0.000" /><testcase classname="tests.test_feedback_system.TestBuildStrongKindFeedback" name="test_state_discontinuity" time="0.000" /><testcase classname="tests.test_feedback_system.TestBuildStrongKindFeedback" name="test_empty_violations" time="0.000" /><testcase classname="tests.test_feedback_system.TestBuildStrongKindFeedback" name="test_protagonist_name_injection" time="0.000" /><testcase classname="tests.test_feedback_system.TestBuildFocusedContext" name="test_basic_context" time="0.000" /><testcase classname="tests.test_feedback_system.TestBuildFocusedContext" name="test_empty_arcs" time="0.000" /><testcase classname="tests.test_feedback_system.TestBuildFocusedContext" name="test_inventory_list_truncated" time="0.000" /><testcase classname="tests.test_feedback_system.TestBuildMinimalArcContext" name="test_no_arcs" time="0.000" /><testcase classname="tests.test_feedback_system.TestBuildMinimalArcContext" name="test_with_arcs" time="0.000" /><testcase classname="tests.test_feedback_system.TestBuildMinimalArcContext" name="test_energy_calculation_from_loss" time="0.000" /><testcase classname="tests.test_feedback_system.TestBuildMinimalArcContext" name="test_energy_calculation_clamped_at_100" time="0.000" /><testcase classname="tests.test_feedback_system.TestGenerateStructuredArcFeedback" name="test_item_violations" time="0.000" /><testcase classname="tests.test_feedback_system.TestGenerateStructuredArcFeedback" name="test_npc_violations" time="0.000" /><testcase classname="tests.test_feedback_system.TestGenerateStructuredArcFeedback" name="test_empty_result" time="0.000" /><testcase classname="tests.test_feedback_system.TestGenerateStructuredArcFeedback" name="test_no_violations" time="0.000" /><testcase classname="tests.test_feedback_system.TestGenerateStructuredBlueprintFeedback" name="test_low_scores_critical" time="0.000" /><testcase classname="tests.test_feedback_system.TestGenerateStructuredBlueprintFeedback" name="test_high_scores_no_issues" time="0.000" /><testcase classname="tests.test_feedback_system.TestGenerateStructuredBlueprintFeedback" name="test_retry_count_message" time="0.000" /><testcase classname="tests.test_feedback_system.TestGenerateStructuredBlueprintFeedback" name="test_empty_result" time="0.000" /><testcase classname="tests.test_feedback_system.TestGenerateReverseFeedbackStage4To3" name="test_density_issue" time="0.000" /><testcase classname="tests.test_feedback_system.TestGenerateReverseFeedbackStage4To3" name="test_length_issue" time="0.000" /><testcase classname="tests.test_feedback_system.TestGenerateReverseFeedbackStage4To3" name="test_setting_issue" time="0.000" /><testcase classname="tests.test_feedback_system.TestGenerateReverseFeedbackStage4To3" name="test_empty_reason" time="0.000" /><testcase classname="tests.test_feedback_system.TestGenerateReverseFeedbackStage3To2" name="test_repeated_failures" time="0.000" /><testcase classname="tests.test_feedback_system.TestGenerateReverseFeedbackStage3To2" name="test_less_than_3_failures" time="0.000" /><testcase classname="tests.test_feedback_system.TestGenerateReverseFeedbackStage3To2" name="test_empty_failures" time="0.000" /><testcase classname="tests.test_feedback_system.TestGenerateReverseFeedbackStage4To2" name="test_hard_arc_generates_feedback" time="0.000" /><testcase classname="tests.test_feedback_system.TestGenerateReverseFeedbackStage4To2" name="test_non_hard_returns_empty" time="0.000" /><testcase classname="tests.test_feedback_system.TestGetAdaptiveFeedbackIntensity" name="test_stage2_first_try" time="0.000" /><testcase classname="tests.test_feedback_system.TestGetAdaptiveFeedbackIntensity" name="test_stage2_third_try" time="0.000" /><testcase classname="tests.test_feedback_system.TestGetAdaptiveFeedbackIntensity" name="test_stage4_first_try" time="0.000" /><testcase classname="tests.test_feedback_system.TestGetAdaptiveFeedbackIntensity" name="test_stage4_second_try" time="0.000" /><testcase classname="tests.test_feedback_system.TestGetAdaptiveFeedbackIntensity" name="test_stage3" time="0.000" /><testcase classname="tests.test_feedback_system.TestClassifyRejectionFeedback" name="test_length_classification" time="0.000" /><testcase classname="tests.test_feedback_system.TestClassifyRejectionFeedback" name="test_scene_classification" time="0.000" /><testcase classname="tests.test_feedback_system.TestClassifyRejectionFeedback" name="test_continuity_classification" time="0.000" /><testcase classname="tests.test_feedback_system.TestClassifyRejectionFeedback" name="test_item_classification" time="0.000" /><testcase classname="tests.test_feedback_system.TestClassifyRejectionFeedback" name="test_relationship_classification" time="0.000" /><testcase classname="tests.test_feedback_system.TestClassifyRejectionFeedback" name="test_show_dont_tell" time="0.000" /><testcase classname="tests.test_feedback_system.TestClassifyRejectionFeedback" name="test_other_classification" time="0.000" /><testcase classname="tests.test_feedback_system.TestSimplifyPromptForRetry" name="test_basic_simplification" time="0.000" /><testcase classname="tests.test_feedback_system.TestSimplifyPromptForRetry" name="test_attempt_number_shown" time="0.000" /><testcase classname="tests.test_feedback_system.TestSimplifyPromptForRetry" name="test_default_issues_when_no_keywords" time="0.000" /><testcase classname="tests.test_genre_guard.TestConvertToNumeric" name="test_none_input" time="0.009" /><testcase classname="tests.test_genre_guard.TestConvertToNumeric" name="test_empty_string" time="0.008" /><testcase classname="tests.test_genre_guard.TestConvertToNumeric" name="test_int_input" time="0.008" /><testcase classname="tests.test_genre_guard.TestConvertToNumeric" name="test_float_input" time="0.008" /><testcase classname="tests.test_genre_guard.TestConvertToNumeric" name="test_arabic_digit_string" time="0.008" /><testcase classname="tests.test_genre_guard.TestConvertToNumeric" name="test_arabic_float_string" time="0.009" /><testcase classname="tests.test_genre_guard.TestConvertToNumeric" name="test_zero_keywords" time="0.008" /><testcase classname="tests.test_genre_guard.TestConvertToNumeric" name="test_single_digit_korean" time="0.009" /><testcase classname="tests.test_genre_guard.TestConvertToNumeric" name="test_ten_korean" time="0.008" /><testcase classname="tests.test_genre_guard.TestConvertToNumeric" name="test_twenty_korean" time="0.008" /><testcase classname="tests.test_genre_guard.TestConvertToNumeric" name="test_fifteen_korean" time="0.009" /><testcase classname="tests.test_genre_guard.TestConvertToNumeric" name="test_twenty_five_korean" time="0.008" /><testcase classname="tests.test_genre_guard.TestConvertToNumeric" name="test_gapja_unit" time="0.008" /><testcase classname="tests.test_genre_guard.TestConvertToNumeric" name="test_gapja_with_float" time="0.008" /><testcase classname="tests.test_genre_guard.TestConvertToNumeric" name="test_half_korean" time="0.008" /><testcase classname="tests.test_genre_guard.TestValidateManuscript" name="test_clean_manuscript" time="0.009" /><testcase classname="tests.test_genre_guard.TestValidateManuscript" name="test_forbidden_term_detected" time="0.009" /><testcase classname="tests.test_genre_guard.TestValidateManuscript" name="test_english_detected" time="0.008" /><testcase classname="tests.test_genre_guard.TestValidateManuscript" name="test_parentheses_with_english" time="0.010" /><testcase classname="tests.test_genre_guard.TestValidateManuscript" name="test_parentheses_with_hanja_allowed" time="0.008" /><testcase classname="tests.test_genre_guard.TestValidateManuscript" name="test_arabic_numbers_detected" time="0.008" /><testcase classname="tests.test_genre_guard.TestValidateManuscript" name="test_multiple_issues" time="0.008" /><testcase classname="tests.test_genre_guard.TestGetPurismPrompt" name="test_prompt_not_empty" time="0.009" /><testcase classname="tests.test_genre_guard.TestGetPurismPrompt" name="test_prompt_contains_key_elements" time="0.008" /><testcase classname="tests.test_genre_guard.TestGetPurismPrompt" name="test_prompt_includes_forbidden_terms" time="0.008" /><testcase classname="tests.test_genre_guard.TestGuardWrapperDelegation" name="test_work_guard_delegates_v461_methods" time="0.010" /><testcase classname="tests.test_genre_guard.TestGuardWrapperDelegation" name="test_style_guard_delegates_v461_methods" time="0.008" /><testcase classname="tests.test_genre_guard.TestBaseGuardAnnotations" name="test_abstract_return_types_are_str" time="0.000" /><testcase classname="tests.test_genre_guards_extended.TestGuardInstantiation" name="test_instantiation[\ud22c\uc790\ubb3c(INVESTMENT)]" time="0.005" /><testcase classname="tests.test_genre_guards_extended.TestGuardInstantiation" name="test_instantiation[\ud310\ud0c0\uc9c0]" time="0.003" /><testcase classname="tests.test_genre_guards_extended.TestGuardInstantiation" name="test_instantiation[\uc694\ub9ac\ubb3c(COOKING)]" time="0.006" /><testcase classname="tests.test_genre_guards_extended.TestGuardInstantiation" name="test_instantiation[\ub300\uccb4\uc5ed\uc0ac\ubb3c(ALT_HISTORY)]" time="0.005" /><testcase classname="tests.test_genre_guards_extended.TestGuardInstantiation" name="test_instantiation[\uc791\uace1\uac00\ubb3c(COMPOSER)]" time="0.005" /><testcase classname="tests.test_genre_guards_extended.TestGuardInstantiation" name="test_instantiation[\ubc30\uc6b0\ubb3c(ACTOR)]" time="0.006" /><testcase classname="tests.test_genre_guards_extended.TestGuardInstantiation" name="test_instantiation[\uc758\ud559\ubb3c(MEDICAL)]" time="0.005" /><testcase classname="tests.test_genre_guards_extended.TestGuardInstantiation" name="test_instantiation[\uc2a4\ud3ec\uce20\ubb3c(SPORTS)]" time="0.005" /><testcase classname="tests.test_genre_guards_extended.TestGuardInstantiation" name="test_genre_name[\ud22c\uc790\ubb3c(INVESTMENT)]" time="0.005" /><testcase classname="tests.test_genre_guards_extended.TestGuardInstantiation" name="test_genre_name[\ud310\ud0c0\uc9c0]" time="0.003" /><testcase classname="tests.test_genre_guards_extended.TestGuardInstantiation" name="test_genre_name[\uc694\ub9ac\ubb3c(COOKING)]" time="0.005" /><testcase classname="tests.test_genre_guards_extended.TestGuardInstantiation" name="test_genre_name[\ub300\uccb4\uc5ed\uc0ac\ubb3c(ALT_HISTORY)]" time="0.005" /><testcase classname="tests.test_genre_guards_extended.TestGuardInstantiation" name="test_genre_name[\uc791\uace1\uac00\ubb3c(COMPOSER)]" time="0.004" /><testcase classname="tests.test_genre_guards_extended.TestGuardInstantiation" name="test_genre_name[\ubc30\uc6b0\ubb3c(ACTOR)]" time="0.005" /><testcase classname="tests.test_genre_guards_extended.TestGuardInstantiation" name="test_genre_name[\uc758\ud559\ubb3c(MEDICAL)]" time="0.005" /><testcase classname="tests.test_genre_guards_extended.TestGuardInstantiation" name="test_genre_name[\uc2a4\ud3ec\uce20\ubb3c(SPORTS)]" time="0.005" /><testcase classname="tests.test_genre_guards_extended.TestGuardInstantiation" name="test_has_forbidden_terms[\ud22c\uc790\ubb3c(INVESTMENT)]" time="0.004" /><testcase classname="tests.test_genre_guards_extended.TestGuardInstantiation" name="test_has_forbidden_terms[\ud310\ud0c0\uc9c0]" time="0.003" /><testcase classname="tests.test_genre_guards_extended.TestGuardInstantiation" name="test_has_forbidden_terms[\uc694\ub9ac\ubb3c(COOKING)]" time="0.006" /><testcase classname="tests.test_genre_guards_extended.TestGuardInstantiation" name="test_has_forbidden_terms[\ub300\uccb4\uc5ed\uc0ac\ubb3c(ALT_HISTORY)]" time="0.005" /><testcase classname="tests.test_genre_guards_extended.TestGuardInstantiation" name="test_has_forbidden_terms[\uc791\uace1\uac00\ubb3c(COMPOSER)]" time="0.004" /><testcase classname="tests.test_genre_guards_extended.TestGuardInstantiation" name="test_has_forbidden_terms[\ubc30\uc6b0\ubb3c(ACTOR)]" time="0.006" /><testcase classname="tests.test_genre_guards_extended.TestGuardInstantiation" name="test_has_forbidden_terms[\uc758\ud559\ubb3c(MEDICAL)]" time="0.004" /><testcase classname="tests.test_genre_guards_extended.TestGuardInstantiation" name="test_has_forbidden_terms[\uc2a4\ud3ec\uce20\ubb3c(SPORTS)]" time="0.004" /><testcase classname="tests.test_genre_guards_extended.TestConvertToNumeric" name="test_none_returns_zero[\ud22c\uc790\ubb3c(INVESTMENT)]" time="0.005" /><testcase classname="tests.test_genre_guards_extended.TestConvertToNumeric" name="test_none_returns_zero[\ud310\ud0c0\uc9c0]" time="0.003" /><testcase classname="tests.test_genre_guards_extended.TestConvertToNumeric" name="test_none_returns_zero[\uc694\ub9ac\ubb3c(COOKING)]" time="0.005" /><testcase classname="tests.test_genre_guards_extended.TestConvertToNumeric" name="test_none_returns_zero[\ub300\uccb4\uc5ed\uc0ac\ubb3c(ALT_HISTORY)]" time="0.005" /><testcase classname="tests.test_genre_guards_extended.TestConvertToNumeric" name="test_none_returns_zero[\uc791\uace1\uac00\ubb3c(COMPOSER)]" time="0.004" /><testcase classname="tests.test_genre_guards_extended.TestConvertToNumeric" name="test_none_returns_zero[\ubc30\uc6b0\ubb3c(ACTOR)]" time="0.005" /><testcase classname="tests.test_genre_guards_extended.TestConvertToNumeric" name="test_none_returns_zero[\uc758\ud559\ubb3c(MEDICAL)]" time="0.004" /><testcase classname="tests.test_genre_guards_extended.TestConvertToNumeric" name="test_none_returns_zero[\uc2a4\ud3ec\uce20\ubb3c(SPORTS)]" time="0.005" /><testcase classname="tests.test_genre_guards_extended.TestConvertToNumeric" name="test_int_passthrough[\ud22c\uc790\ubb3c(INVESTMENT)]" time="0.005" /><testcase classname="tests.test_genre_guards_extended.TestConvertToNumeric" name="test_int_passthrough[\ud310\ud0c0\uc9c0]" time="0.002" /><testcase classname="tests.test_genre_guards_extended.TestConvertToNumeric" name="test_int_passthrough[\uc694\ub9ac\ubb3c(COOKING)]" time="0.005" /><testcase classname="tests.test_genre_guards_extended.TestConvertToNumeric" name="test_int_passthrough[\ub300\uccb4\uc5ed\uc0ac\ubb3c(ALT_HISTORY)]" time="0.005" /><testcase classname="tests.test_genre_guards_extended.TestConvertToNumeric" name="test_int_passthrough[\uc791\uace1\uac00\ubb3c(COMPOSER)]" time="0.004" /><testcase classname="tests.test_genre_guards_extended.TestConvertToNumeric" name="test_int_passthrough[\ubc30\uc6b0\ubb3c(ACTOR)]" time="0.006" /><testcase classname="tests.test_genre_guards_extended.TestConvertToNumeric" name="test_int_passthrough[\uc758\ud559\ubb3c(MEDICAL)]" time="0.005" /><testcase classname="tests.test_genre_guards_extended.TestConvertToNumeric" name="test_int_passthrough[\uc2a4\ud3ec\uce20\ubb3c(SPORTS)]" time="0.005" /><testcase classname="tests.test_genre_guards_extended.TestConvertToNumeric" name="test_arabic_string[\ud22c\uc790\ubb3c(INVESTMENT)]" time="0.005" /><testcase classname="tests.test_genre_guards_extended.TestConvertToNumeric" name="test_arabic_string[\ud310\ud0c0\uc9c0]" time="0.003" /><testcase classname="tests.test_genre_guards_extended.TestConvertToNumeric" name="test_arabic_string[\uc694\ub9ac\ubb3c(COOKING)]" time="0.005" /><testcase classname="tests.test_genre_guards_extended.TestConvertToNumeric" name="test_arabic_string[\ub300\uccb4\uc5ed\uc0ac\ubb3c(ALT_HISTORY)]" time="0.005" /><testcase classname="tests.test_genre_guards_extended.TestConvertToNumeric" name="test_arabic_string[\uc791\uace1\uac00\ubb3c(COMPOSER)]" time="0.004" /><testcase classname="tests.test_genre_guards_extended.TestConvertToNumeric" name="test_arabic_string[\ubc30\uc6b0\ubb3c(ACTOR)]" time="0.006" /><testcase classname="tests.test_genre_guards_extended.TestConvertToNumeric" name="test_arabic_string[\uc758\ud559\ubb3c(MEDICAL)]" time="0.005" /><testcase classname="tests.test_genre_guards_extended.TestConvertToNumeric" name="test_arabic_string[\uc2a4\ud3ec\uce20\ubb3c(SPORTS)]" time="0.005" /><testcase classname="tests.test_genre_guards_extended.TestConvertToNumeric" name="test_zero_keywords[\ud22c\uc790\ubb3c(INVESTMENT)]" time="0.004" /><testcase classname="tests.test_genre_guards_extended.TestConvertToNumeric" name="test_zero_keywords[\ud310\ud0c0\uc9c0]" time="0.002" /><testcase classname="tests.test_genre_guards_extended.TestConvertToNumeric" name="test_zero_keywords[\uc694\ub9ac\ubb3c(COOKING)]" time="0.005" /><testcase classname="tests.test_genre_guards_extended.TestConvertToNumeric" name="test_zero_keywords[\ub300\uccb4\uc5ed\uc0ac\ubb3c(ALT_HISTORY)]" time="0.005" /><testcase classname="tests.test_genre_guards_extended.TestConvertToNumeric" name="test_zero_keywords[\uc791\uace1\uac00\ubb3c(COMPOSER)]" time="0.005" /><testcase classname="tests.test_genre_guards_extended.TestConvertToNumeric" name="test_zero_keywords[\ubc30\uc6b0\ubb3c(ACTOR)]" time="0.006" /><testcase classname="tests.test_genre_guards_extended.TestConvertToNumeric" name="test_zero_keywords[\uc758\ud559\ubb3c(MEDICAL)]" time="0.005" /><testcase classname="tests.test_genre_guards_extended.TestConvertToNumeric" name="test_zero_keywords[\uc2a4\ud3ec\uce20\ubb3c(SPORTS)]" time="0.005" /><testcase classname="tests.test_genre_guards_extended.TestConvertToNumeric" name="test_korean_numeral[\ud22c\uc790\ubb3c(INVESTMENT)]" time="0.005" /><testcase classname="tests.test_genre_guards_extended.TestConvertToNumeric" name="test_korean_numeral[\ud310\ud0c0\uc9c0]" time="0.003" /><testcase classname="tests.test_genre_guards_extended.TestConvertToNumeric" name="test_korean_numeral[\uc694\ub9ac\ubb3c(COOKING)]" time="0.005" /><testcase classname="tests.test_genre_guards_extended.TestConvertToNumeric" name="test_korean_numeral[\ub300\uccb4\uc5ed\uc0ac\ubb3c(ALT_HISTORY)]" time="0.005" /><testcase classname="tests.test_genre_guards_extended.TestConvertToNumeric" name="test_korean_numeral[\uc791\uace1\uac00\ubb3c(COMPOSER)]" time="0.004" /><testcase classname="tests.test_genre_guards_extended.TestConvertToNumeric" name="test_korean_numeral[\ubc30\uc6b0\ubb3c(ACTOR)]" time="0.006" /><testcase classname="tests.test_genre_guards_extended.TestConvertToNumeric" name="test_korean_numeral[\uc758\ud559\ubb3c(MEDICAL)]" time="0.004" /><testcase classname="tests.test_genre_guards_extended.TestConvertToNumeric" name="test_korean_numeral[\uc2a4\ud3ec\uce20\ubb3c(SPORTS)]" time="0.005" /><testcase classname="tests.test_genre_guards_extended.TestConvertToNumeric" name="test_ten_korean[\ud22c\uc790\ubb3c(INVESTMENT)]" time="0.005" /><testcase classname="tests.test_genre_guards_extended.TestConvertToNumeric" name="test_ten_korean[\ud310\ud0c0\uc9c0]" time="0.002" /><testcase classname="tests.test_genre_guards_extended.TestConvertToNumeric" name="test_ten_korean[\uc694\ub9ac\ubb3c(COOKING)]" time="0.005" /><testcase classname="tests.test_genre_guards_extended.TestConvertToNumeric" name="test_ten_korean[\ub300\uccb4\uc5ed\uc0ac\ubb3c(ALT_HISTORY)]" time="0.005" /><testcase classname="tests.test_genre_guards_extended.TestConvertToNumeric" name="test_ten_korean[\uc791\uace1\uac00\ubb3c(COMPOSER)]" time="0.004" /><testcase classname="tests.test_genre_guards_extended.TestConvertToNumeric" name="test_ten_korean[\ubc30\uc6b0\ubb3c(ACTOR)]" time="0.005" /><testcase classname="tests.test_genre_guards_extended.TestConvertToNumeric" name="test_ten_korean[\uc758\ud559\ubb3c(MEDICAL)]" time="0.005" /><testcase classname="tests.test_genre_guards_extended.TestConvertToNumeric" name="test_ten_korean[\uc2a4\ud3ec\uce20\ubb3c(SPORTS)]" time="0.005" /><testcase classname="tests.test_genre_guards_extended.TestValidateV20Manuscript" name="test_clean_text_returns_dict[\ud22c\uc790\ubb3c(INVESTMENT)]" time="0.005" /><testcase classname="tests.test_genre_guards_extended.TestValidateV20Manuscript" name="test_clean_text_returns_dict[\ud310\ud0c0\uc9c0]" time="0.002" /><testcase classname="tests.test_genre_guards_extended.TestValidateV20Manuscript" name="test_clean_text_returns_dict[\uc694\ub9ac\ubb3c(COOKING)]" time="0.005" /><testcase classname="tests.test_genre_guards_extended.TestValidateV20Manuscript" name="test_clean_text_returns_dict[\ub300\uccb4\uc5ed\uc0ac\ubb3c(ALT_HISTORY)]" time="0.005" /><testcase classname="tests.test_genre_guards_extended.TestValidateV20Manuscript" name="test_clean_text_returns_dict[\uc791\uace1\uac00\ubb3c(COMPOSER)]" time="0.004" /><testcase classname="tests.test_genre_guards_extended.TestValidateV20Manuscript" name="test_clean_text_returns_dict[\ubc30\uc6b0\ubb3c(ACTOR)]" time="0.006" /><testcase classname="tests.test_genre_guards_extended.TestValidateV20Manuscript" name="test_clean_text_returns_dict[\uc758\ud559\ubb3c(MEDICAL)]" time="0.004" /><testcase classname="tests.test_genre_guards_extended.TestValidateV20Manuscript" name="test_clean_text_returns_dict[\uc2a4\ud3ec\uce20\ubb3c(SPORTS)]" time="0.004" /><testcase classname="tests.test_genre_guards_extended.TestValidateV20Manuscript" name="test_forbidden_term_detected[\ud22c\uc790\ubb3c(INVESTMENT)]" time="0.005" /><testcase classname="tests.test_genre_guards_extended.TestValidateV20Manuscript" name="test_forbidden_term_detected[\ud310\ud0c0\uc9c0]" time="0.003" /><testcase classname="tests.test_genre_guards_extended.TestValidateV20Manuscript" name="test_forbidden_term_detected[\uc694\ub9ac\ubb3c(COOKING)]" time="0.005" /><testcase classname="tests.test_genre_guards_extended.TestValidateV20Manuscript" name="test_forbidden_term_detected[\ub300\uccb4\uc5ed\uc0ac\ubb3c(ALT_HISTORY)]" time="0.005" /><testcase classname="tests.test_genre_guards_extended.TestValidateV20Manuscript" name="test_forbidden_term_detected[\uc791\uace1\uac00\ubb3c(COMPOSER)]" time="0.005" /><testcase classname="tests.test_genre_guards_extended.TestValidateV20Manuscript" name="test_forbidden_term_detected[\ubc30\uc6b0\ubb3c(ACTOR)]" time="0.005" /><testcase classname="tests.test_genre_guards_extended.TestValidateV20Manuscript" name="test_forbidden_term_detected[\uc758\ud559\ubb3c(MEDICAL)]" time="0.004" /><testcase classname="tests.test_genre_guards_extended.TestValidateV20Manuscript" name="test_forbidden_term_detected[\uc2a4\ud3ec\uce20\ubb3c(SPORTS)]" time="0.005" /><testcase classname="tests.test_genre_guards_extended.TestRunDeepValidation" name="test_returns_dict[\ud22c\uc790\ubb3c(INVESTMENT)]" time="0.005" /><testcase classname="tests.test_genre_guards_extended.TestRunDeepValidation" name="test_returns_dict[\ud310\ud0c0\uc9c0]" time="0.004" /><testcase classname="tests.test_genre_guards_extended.TestRunDeepValidation" name="test_returns_dict[\uc694\ub9ac\ubb3c(COOKING)]" time="0.005" /><testcase classname="tests.test_genre_guards_extended.TestRunDeepValidation" name="test_returns_dict[\ub300\uccb4\uc5ed\uc0ac\ubb3c(ALT_HISTORY)]" time="0.005" /><testcase classname="tests.test_genre_guards_extended.TestRunDeepValidation" name="test_returns_dict[\uc791\uace1\uac00\ubb3c(COMPOSER)]" time="0.004" /><testcase classname="tests.test_genre_guards_extended.TestRunDeepValidation" name="test_returns_dict[\ubc30\uc6b0\ubb3c(ACTOR)]" time="0.005" /><testcase classname="tests.test_genre_guards_extended.TestRunDeepValidation" name="test_returns_dict[\uc758\ud559\ubb3c(MEDICAL)]" time="0.004" /><testcase classname="tests.test_genre_guards_extended.TestRunDeepValidation" name="test_returns_dict[\uc2a4\ud3ec\uce20\ubb3c(SPORTS)]" time="0.005" /><testcase classname="tests.test_genre_guards_extended.TestRunDeepValidation" name="test_has_expected_keys[\ud22c\uc790\ubb3c(INVESTMENT)]" time="0.004" /><testcase classname="tests.test_genre_guards_extended.TestRunDeepValidation" name="test_has_expected_keys[\ud310\ud0c0\uc9c0]" time="0.002" /><testcase classname="tests.test_genre_guards_extended.TestRunDeepValidation" name="test_has_expected_keys[\uc694\ub9ac\ubb3c(COOKING)]" time="0.005" /><testcase classname="tests.test_genre_guards_extended.TestRunDeepValidation" name="test_has_expected_keys[\ub300\uccb4\uc5ed\uc0ac\ubb3c(ALT_HISTORY)]" time="0.005" /><testcase classname="tests.test_genre_guards_extended.TestRunDeepValidation" name="test_has_expected_keys[\uc791\uace1\uac00\ubb3c(COMPOSER)]" time="0.004" /><testcase classname="tests.test_genre_guards_extended.TestRunDeepValidation" name="test_has_expected_keys[\ubc30\uc6b0\ubb3c(ACTOR)]" time="0.005" /><testcase classname="tests.test_genre_guards_extended.TestRunDeepValidation" name="test_has_expected_keys[\uc758\ud559\ubb3c(MEDICAL)]" time="0.004" /><testcase classname="tests.test_genre_guards_extended.TestRunDeepValidation" name="test_has_expected_keys[\uc2a4\ud3ec\uce20\ubb3c(SPORTS)]" time="0.005" /><testcase classname="tests.test_genre_yaml_loading.TestAllGenreYamlsValid" name="test_yaml_exists_and_parseable[wuxia]" time="0.009" /><testcase classname="tests.test_genre_yaml_loading.TestAllGenreYamlsValid" name="test_yaml_exists_and_parseable[hunter]" time="0.005" /><testcase classname="tests.test_genre_yaml_loading.TestAllGenreYamlsValid" name="test_yaml_exists_and_parseable[investment]" time="0.005" /><testcase classname="tests.test_genre_yaml_loading.TestAllGenreYamlsValid" name="test_yaml_exists_and_parseable[actor]" time="0.006" /><testcase classname="tests.test_genre_yaml_loading.TestAllGenreYamlsValid" name="test_yaml_exists_and_parseable[alt_history]" time="0.005" /><testcase classname="tests.test_genre_yaml_loading.TestAllGenreYamlsValid" name="test_yaml_exists_and_parseable[composer]" time="0.004" /><testcase classname="tests.test_genre_yaml_loading.TestAllGenreYamlsValid" name="test_yaml_exists_and_parseable[cooking]" time="0.005" /><testcase classname="tests.test_genre_yaml_loading.TestAllGenreYamlsValid" name="test_yaml_exists_and_parseable[fantasy]" time="0.003" /><testcase classname="tests.test_genre_yaml_loading.TestAllGenreYamlsValid" name="test_yaml_exists_and_parseable[medical]" time="0.005" /><testcase classname="tests.test_genre_yaml_loading.TestAllGenreYamlsValid" name="test_yaml_exists_and_parseable[sports]" time="0.005" /><testcase classname="tests.test_genre_yaml_loading.TestAllGenreYamlsValid" name="test_yaml_has_required_keys[wuxia]" time="0.008" /><testcase classname="tests.test_genre_yaml_loading.TestAllGenreYamlsValid" name="test_yaml_has_required_keys[hunter]" time="0.005" /><testcase classname="tests.test_genre_yaml_loading.TestAllGenreYamlsValid" name="test_yaml_has_required_keys[investment]" time="0.005" /><testcase classname="tests.test_genre_yaml_loading.TestAllGenreYamlsValid" name="test_yaml_has_required_keys[actor]" time="0.005" /><testcase classname="tests.test_genre_yaml_loading.TestAllGenreYamlsValid" name="test_yaml_has_required_keys[alt_history]" time="0.005" /><testcase classname="tests.test_genre_yaml_loading.TestAllGenreYamlsValid" name="test_yaml_has_required_keys[composer]" time="0.006" /><testcase classname="tests.test_genre_yaml_loading.TestAllGenreYamlsValid" name="test_yaml_has_required_keys[cooking]" time="0.006" /><testcase classname="tests.test_genre_yaml_loading.TestAllGenreYamlsValid" name="test_yaml_has_required_keys[fantasy]" time="0.002" /><testcase classname="tests.test_genre_yaml_loading.TestAllGenreYamlsValid" name="test_yaml_has_required_keys[medical]" time="0.005" /><testcase classname="tests.test_genre_yaml_loading.TestAllGenreYamlsValid" name="test_yaml_has_required_keys[sports]" time="0.005" /><testcase classname="tests.test_genre_yaml_loading.TestYamlLoadedByGuards" name="test_wuxia_loads_from_yaml" time="0.008" /><testcase classname="tests.test_genre_yaml_loading.TestYamlLoadedByGuards" name="test_hunter_loads_from_yaml" time="0.005" /><testcase classname="tests.test_genre_yaml_loading.TestYamlLoadedByGuards" name="test_all_guards_instantiate" time="0.046" /><testcase classname="tests.test_genre_yaml_loading.TestYamlFallback" name="test_missing_yaml_uses_hardcoded" time="0.002" /><testcase classname="tests.test_hud_utils.TestNoneStateTracker" name="test_director_none" time="0.000" /><testcase classname="tests.test_hud_utils.TestNoneStateTracker" name="test_writer_none" time="0.000" /><testcase classname="tests.test_hud_utils.TestNoneStateTracker" name="test_blueprint_none" time="0.000" /><testcase classname="tests.test_hud_utils.TestDirectorVariant" name="test_protagonist_fields" time="0.001" /><testcase classname="tests.test_hud_utils.TestDirectorVariant" name="test_extra_fields" time="0.001" /><testcase classname="tests.test_hud_utils.TestDirectorVariant" name="test_items_shown" time="0.001" /><testcase classname="tests.test_hud_utils.TestDirectorVariant" name="test_relationships_shown" time="0.001" /><testcase classname="tests.test_hud_utils.TestDirectorVariant" name="test_alive_npcs_shown" time="0.001" /><testcase classname="tests.test_hud_utils.TestDirectorVariant" name="test_dead_npcs_shown" time="0.001" /><testcase classname="tests.test_hud_utils.TestWriterVariant" name="test_protagonist_core_fields" time="0.001" /><testcase classname="tests.test_hud_utils.TestWriterVariant" name="test_extended_fields" time="0.001" /><testcase classname="tests.test_hud_utils.TestWriterVariant" name="test_skills_shown" time="0.001" /><testcase classname="tests.test_hud_utils.TestWriterVariant" name="test_weapons_and_items" time="0.001" /><testcase classname="tests.test_hud_utils.TestWriterVariant" name="test_relationships_inline" time="0.001" /><testcase classname="tests.test_hud_utils.TestWriterVariant" name="test_dead_npc_warning" time="0.001" /><testcase classname="tests.test_hud_utils.TestBlueprintVariant" name="test_header_difference" time="0.001" /><testcase classname="tests.test_hud_utils.TestEdgeCases" name="test_ep1_no_prev_state" time="0.000" /><testcase classname="tests.test_hud_utils.TestEdgeCases" name="test_empty_npc_registry" time="0.000" /><testcase classname="tests.test_hud_utils.TestEdgeCases" name="test_no_episode_states_no_npcs_director" time="0.000" /><testcase classname="tests.test_hud_utils.TestEdgeCases" name="test_no_episode_states_no_npcs_blueprint" time="0.000" /><testcase classname="tests.test_hud_utils.TestEdgeCases" name="test_all_npcs_dead" time="0.000" /><testcase classname="tests.test_integration.TestPhase0BibleRecovery" name="test_bible_loading_from_file" time="0.001" /><testcase classname="tests.test_integration.TestPhase0BibleRecovery" name="test_bible_sync_to_db" time="0.340" /><testcase classname="tests.test_integration.TestPhase0BibleRecovery" name="test_treatment_extraction" time="0.000" /><testcase classname="tests.test_integration.TestPhase0BibleRecovery" name="test_dna_sync_on_startup" time="0.241" /><testcase classname="tests.test_integration.TestStage1VolumeStrategy" name="test_volume_plan_generation" time="0.000" /><testcase classname="tests.test_integration.TestStage1VolumeStrategy" name="test_volume_skip_option" time="0.680" /><testcase classname="tests.test_integration.TestStage1VolumeStrategy" name="test_volume_db_persistence" time="0.253" /><testcase classname="tests.test_integration.TestStage2ArcDesign" name="test_arc_generation_per_volume" time="0.000" /><testcase classname="tests.test_integration.TestStage2ArcDesign" name="test_arc_failure_recovery" time="0.405" /><testcase classname="tests.test_integration.TestStage2ArcDesign" name="test_arc_batch_recovery_order" time="0.000" /><testcase classname="tests.test_integration.TestStage3BlueprintCreation" name="test_blueprint_scene_structure" time="0.000" /><testcase classname="tests.test_integration.TestStage3BlueprintCreation" name="test_blueprint_db_storage" time="0.713"><skipped type="pytest.xfail" message="Windows SQLite file lock" /><skipped type="pytest.xfail" message="Windows SQLite file lock" /></testcase><testcase classname="tests.test_integration.TestStage3BlueprintCreation" name="test_arc_data_validation" time="0.000" /><testcase classname="tests.test_integration.TestStage4Production" name="test_manuscript_generation_flow" time="0.623"><skipped type="pytest.xfail" message="Windows SQLite file lock" /><skipped type="pytest.xfail" message="Windows SQLite file lock" /></testcase><testcase classname="tests.test_integration.TestStage4Production" name="test_director_validation_loop" time="0.000" /><testcase classname="tests.test_integration.TestStage4Production" name="test_hud_update_after_episode" time="0.000" /><testcase classname="tests.test_integration.TestStage4Production" name="test_draft_file_creation" time="0.002" /><testcase classname="tests.test_integration.TestE2EScenario" name="test_full_pipeline_mock" time="0.309"><skipped type="pytest.xfail" message="Windows SQLite file lock" /><skipped type="pytest.xfail" message="Windows SQLite file lock" /></testcase><testcase classname="tests.test_integration.TestE2EScenario" name="test_resume_from_interruption" time="0.322" /><testcase classname="tests.test_integration.TestE2EScenario" name="test_multi_genre_compatibility" time="0.708" /><testcase classname="tests.test_integration.TestDataIntegrity" name="test_concurrent_access_safety" time="0.383" /><testcase classname="tests.test_integration.TestDataIntegrity" name="test_transaction_atomicity" time="0.215"><skipped type="pytest.xfail" message="Windows SQLite file lock" /><skipped type="pytest.xfail" message="Windows SQLite file lock" /></testcase><testcase classname="tests.test_integration.TestDataIntegrity" name="test_unicode_preservation" time="0.239" /><testcase classname="tests.test_integration.TestDataIntegrity" name="test_large_data_handling" time="0.231"><skipped type="pytest.xfail" message="Windows SQLite file lock" /><skipped type="pytest.xfail" message="Windows SQLite file lock" /></testcase><testcase classname="tests.test_integrity.TestDBManagerRaceCondition" name="test_concurrent_episode_number_generation" time="0.094" /><testcase classname="tests.test_integrity.TestBaseAgentJSONParsing" name="test_circular_reference_handling" time="0.000" /><testcase classname="tests.test_integrity.TestBaseAgentJSONParsing" name="test_deeply_nested_json" time="0.000" /><testcase classname="tests.test_integrity.TestEquipmentTypeSafety" name="test_equipment_as_list" time="0.000" /><testcase classname="tests.test_integrity.TestEquipmentTypeSafety" name="test_equipment_as_string" time="0.000" /><testcase classname="tests.test_integrity.TestEquipmentTypeSafety" name="test_equipment_as_dict" time="0.000" /><testcase classname="tests.test_integrity.TestEquipmentTypeSafety" name="test_equipment_none" time="0.000" /><testcase classname="tests.test_integrity.TestEquipmentTypeSafety" name="test_equipment_empty_string" time="0.000" /><testcase classname="tests.test_integrity.TestStage4LoopGuard" name="test_loop_guard_triggers" time="0.000" /><testcase classname="tests.test_integrity.TestStage4LoopGuard" name="test_nested_loop_guard" time="0.000" /><testcase classname="tests.test_integrity.TestDirectorErrorHandling" name="test_director_error_should_not_auto_pass" time="0.000" /><testcase classname="tests.test_integrity.TestJSONTypeRecovery" name="test_treatment_data_type_recovery" time="0.000" /><testcase classname="tests.test_integrity.TestRegexSafety" name="test_item_name_with_special_chars" time="0.000" /><testcase classname="tests.test_integrity.TestMemoryDBSync" name="test_save_and_load_consistency" time="0.019" /><testcase classname="tests.test_integrity.TestNullCheckChain" name="test_safe_nested_get" time="0.000" /><testcase classname="tests.test_integrity.TestIntegrationScenarios" name="test_stage2_to_stage3_data_flow" time="0.000" /><testcase classname="tests.test_integrity.TestIntegrationScenarios" name="test_validation_chain" time="0.001" /><testcase classname="tests.test_manuscript_validator.TestCheckMetaReferences" name="test_episode_number_detected" time="0.000" /><testcase classname="tests.test_manuscript_validator.TestCheckMetaReferences" name="test_author_reference_detected" time="0.000" /><testcase classname="tests.test_manuscript_validator.TestCheckMetaReferences" name="test_dialogue_excluded" time="0.000" /><testcase classname="tests.test_manuscript_validator.TestCheckMetaReferences" name="test_clean_manuscript" time="0.000" /><testcase classname="tests.test_manuscript_validator.TestCheckMetaReferences" name="test_short_manuscript_skip" time="0.000" /><testcase classname="tests.test_manuscript_validator.TestCheckHonorificConsistency" name="test_consistent_honorifics" time="0.001" /><testcase classname="tests.test_manuscript_validator.TestCheckHonorificConsistency" name="test_short_manuscript_skip" time="0.000" /><testcase classname="tests.test_manuscript_validator.TestCheckIntraContradictions" name="test_lost_item_reuse" time="0.015" /><testcase classname="tests.test_manuscript_validator.TestCheckIntraContradictions" name="test_recovered_item_ok" time="0.010" /><testcase classname="tests.test_manuscript_validator.TestCheckIntraContradictions" name="test_short_manuscript_skip" time="0.000" /><testcase classname="tests.test_manuscript_validator.TestCheckCrossEpisodeDuplication" name="test_high_overlap_warning" time="0.000" /><testcase classname="tests.test_manuscript_validator.TestCheckCrossEpisodeDuplication" name="test_no_overlap_clean" time="0.000" /><testcase classname="tests.test_manuscript_validator.TestCheckCrossEpisodeDuplication" name="test_empty_recent_no_warning" time="0.000" /><testcase classname="tests.test_manuscript_validator.TestCheckCrossEpisodeDuplication" name="test_short_manuscript_skip" time="0.000" /><testcase classname="tests.test_manuscript_validator.TestValidateCandidate" name="test_short_manuscript_warning" time="0.001" /><testcase classname="tests.test_manuscript_validator.TestValidateCandidate" name="test_adequate_manuscript" time="0.003" /><testcase classname="tests.test_manuscript_validator.TestValidateCandidate" name="test_returns_dict_with_expected_keys" time="0.003" /><testcase classname="tests.test_manuscript_validator.TestValidateCandidate" name="test_none_blueprint_graceful" time="0.003" /><testcase classname="tests.test_martial_manager.TestMartialManagerTypeSafety" name="test_safe_to_float_valid" time="0.000" /><testcase classname="tests.test_martial_manager.TestMartialManagerTypeSafety" name="test_safe_to_float_invalid" time="0.000" /><testcase classname="tests.test_martial_manager.TestMartialManagerTypeSafety" name="test_safe_to_int_valid" time="0.000" /><testcase classname="tests.test_martial_manager.TestMartialManagerTypeSafety" name="test_is_valid_number" time="0.000" /><testcase classname="tests.test_martial_manager.TestMartialManagerPropertyAccess" name="test_nested_dict_access_safe" time="0.000" /><testcase classname="tests.test_martial_manager.TestMartialManagerPropertyAccess" name="test_safe_nested_get_utility" time="0.000" /><testcase classname="tests.test_martial_manager.TestMartialManagerHUDOperations" name="test_hud_wuxia_structure" time="0.000" /><testcase classname="tests.test_martial_manager.TestMartialManagerHUDOperations" name="test_hud_hunter_structure" time="0.000" /><testcase classname="tests.test_martial_manager.TestMartialManagerHUDOperations" name="test_hud_investment_structure" time="0.000" /><testcase classname="tests.test_martial_manager.TestMartialManagerHUDOperations" name="test_hud_numeric_bounds" time="0.000" /><testcase classname="tests.test_martial_manager.TestMartialManagerHUDOperations" name="test_hud_equipment_types" time="0.000" /><testcase classname="tests.test_martial_manager.TestMartialManagerHUDOperations" name="test_hud_snapshot_serialization" time="0.000" /><testcase classname="tests.test_martial_manager.TestMartialManagerInitialization" name="test_initialization_without_bible" time="0.000" /><testcase classname="tests.test_martial_manager.TestMartialManagerInitialization" name="test_initialization_with_empty_bible" time="0.000" /><testcase classname="tests.test_martial_manager.TestMartialManagerInitialization" name="test_initialization_with_malformed_bible" time="0.000" /><testcase classname="tests.test_martial_manager.TestMartialManagerGenreSpecific" name="test_wuxia_specific_properties" time="0.000" /><testcase classname="tests.test_martial_manager.TestMartialManagerGenreSpecific" name="test_hunter_specific_properties" time="0.000" /><testcase classname="tests.test_martial_manager.TestMartialManagerGenreSpecific" name="test_investment_specific_properties" time="0.000" /><testcase classname="tests.test_martial_manager.TestMartialManagerEdgeCases" name="test_zero_values" time="0.000" /><testcase classname="tests.test_martial_manager.TestMartialManagerEdgeCases" name="test_negative_values" time="0.000" /><testcase classname="tests.test_martial_manager.TestMartialManagerEdgeCases" name="test_very_large_values" time="0.000" /><testcase classname="tests.test_martial_manager.TestMartialManagerEdgeCases" name="test_special_characters_in_names" time="0.000" /><testcase classname="tests.test_martial_manager.TestMartialManagerEdgeCases" name="test_pro_data_name_fallback_when_protagonist_is_not_dict" time="0.001" /><testcase classname="tests.test_npc_history.TestNPCHistoryDB" name="test_create_table" time="0.236" /><testcase classname="tests.test_npc_history.TestNPCHistoryDB" name="test_insert_and_query" time="0.258" /><testcase classname="tests.test_npc_history.TestNPCHistoryDB" name="test_latest_fields" time="0.239" /><testcase classname="tests.test_npc_history.TestNPCHistoryDB" name="test_multiple_changes_ordering" time="0.226" /><testcase classname="tests.test_npc_history.TestNPCHistoryDB" name="test_empty_history" time="0.241" /><testcase classname="tests.test_npc_history.TestNPCHistoryDB" name="test_latest_fields_empty" time="0.232" /><testcase classname="tests.test_npc_history.TestNPCHistoryDB" name="test_limit_parameter" time="0.219" /><testcase classname="tests.test_npc_history.TestNPCRecordChange" name="test_death_records_history" time="0.225" /><testcase classname="tests.test_npc_history.TestNPCRecordChange" name="test_info_change_records_diff" time="0.222" /><testcase classname="tests.test_npc_history.TestNPCRecordChange" name="test_same_value_no_record" time="0.236" /><testcase classname="tests.test_npc_history.TestNPCRecordChange" name="test_record_failure_nonblocking" time="0.003" /><testcase classname="tests.test_npc_history.TestNPCRecordChange" name="test_personality_change_recorded" time="0.235" /><testcase classname="tests.test_npc_history.TestNPCRecordChange" name="test_multiple_fields_single_call" time="0.224" /><testcase classname="tests.test_npc_history.TestBindDB" name="test_bind_db_enables_recording" time="0.249" /><testcase classname="tests.test_npc_history.TestBindDB" name="test_no_bind_graceful" time="0.000" /><testcase classname="tests.test_npc_history.TestBindDB" name="test_get_latest_fields_via_facade" time="0.529" /><testcase classname="tests.test_npc_history.TestDeadNPCResurrection" name="test_recall_pattern_passes" time="0.000" /><testcase classname="tests.test_npc_history.TestDeadNPCResurrection" name="test_action_pattern_fails" time="0.000" /><testcase classname="tests.test_npc_history.TestDeadNPCResurrection" name="test_no_dead_npc_passes" time="0.000" /><testcase classname="tests.test_npc_history.TestDeadNPCResurrection" name="test_dead_npc_not_in_manuscript_passes" time="0.000" /><testcase classname="tests.test_npc_history.TestDeadNPCResurrection" name="test_neither_recall_nor_action_passes" time="0.000" /><testcase classname="tests.test_npc_history.TestDeadNPCResurrection" name="test_mixed_recall_then_action_fails" time="0.000" /><testcase classname="tests.test_npc_history.TestPersonalitySuddenChange" name="test_contradictory_trait_detected" time="0.000" /><testcase classname="tests.test_npc_history.TestPersonalitySuddenChange" name="test_is_contradictory_trait_change_true" time="0.000" /><testcase classname="tests.test_npc_history.TestPersonalitySuddenChange" name="test_is_contradictory_trait_change_false" time="0.000" /><testcase classname="tests.test_npc_history.TestPersonalitySuddenChange" name="test_coward_to_brave_detected" time="0.000" /><testcase classname="tests.test_npc_history.TestPersonalitySuddenChange" name="test_no_history_graceful" time="0.002" /><testcase classname="tests.test_npc_history.TestPersonalitySuddenChange" name="test_empty_history_graceful" time="0.000" /><testcase classname="tests.test_npc_history.TestPersonalitySuddenChange" name="test_single_history_entry_no_detection" time="0.000" /><testcase classname="tests.test_npc_info_chain.TestEntityRegistryFallback" name="test_entity_registry_default_is_dict" time="0.003" /><testcase classname="tests.test_npc_info_chain.TestEntityRegistryFallback" name="test_constraint_compiler_exception_logs_warning_tag" time="0.002" /><testcase classname="tests.test_npc_info_chain.TestEntityRegistryFallback" name="test_empty_dict_is_falsy" time="0.000" /><testcase classname="tests.test_npc_info_chain.TestEntityRegistryFallback" name="test_none_vs_empty_dict_downstream" time="0.000" /><testcase classname="tests.test_npc_info_chain.TestEntityRegistryFallback" name="test_stage2_import_ok" time="0.000" /><testcase classname="tests.test_phase5_hygiene.TestPacingAdvisory" name="test_short_manuscript_no_suggestion" time="0.000" /><testcase classname="tests.test_phase5_hygiene.TestPacingAdvisory" name="test_few_paragraphs_suggestion" time="0.000" /><testcase classname="tests.test_phase5_hygiene.TestPacingAdvisory" name="test_long_paragraphs_suggestion" time="0.000" /><testcase classname="tests.test_phase5_hygiene.TestPacingAdvisory" name="test_good_pacing_no_suggestion" time="0.000" /><testcase classname="tests.test_phase5_hygiene.TestPacingAdvisory" name="test_validate_includes_pacing" time="0.000" /><testcase classname="tests.test_phase5_hygiene.TestMaxOutputTokens" name="test_class_constant_exists" time="0.000" /><testcase classname="tests.test_phase5_hygiene.TestConditionalModulesComposite" name="test_default_empty_dict" time="0.001" /><testcase classname="tests.test_phase5_hygiene.TestConditionalModulesComposite" name="test_get_module_missing_returns_none" time="0.001" /><testcase classname="tests.test_phase5_hygiene.TestConditionalModulesComposite" name="test_get_module_returns_value" time="0.001" /><testcase classname="tests.test_phase5_hygiene.TestConditionalModulesComposite" name="test_from_app_populates_modules" time="0.003" /><testcase classname="tests.test_phase5_hygiene.TestConditionalModulesComposite" name="test_from_app_skips_none_modules" time="0.001" /><testcase classname="tests.test_phase5_hygiene.TestConditionalModulesComposite" name="test_module_keys_constant" time="0.000" /><testcase classname="tests.test_phase5_hygiene.TestCliffhangerThreshold" name="test_low_strength_gets_warning" time="0.001" /><testcase classname="tests.test_phase5_hygiene.TestCliffhangerThreshold" name="test_strong_cliffhanger_no_warning" time="0.001" /><testcase classname="tests.test_phase5_hygiene.TestFantasyGuardDeepValidation" name="test_wuxia_compound_pattern_detected" time="0.003" /><testcase classname="tests.test_phase5_hygiene.TestFantasyGuardDeepValidation" name="test_clean_fantasy_no_compound" time="0.002" /><testcase classname="tests.test_phase5_hygiene.TestFantasyGuardDeepValidation" name="test_forbidden_term_promoted_to_high" time="0.002" /><testcase classname="tests.test_phase5_hygiene.TestFantasyGuardDeepValidation" name="test_spell_tier_violation" time="0.003" /><testcase classname="tests.test_pre_director_checklist_submodules.TestNarrativeChecker" name="test_narrative_flow_normal" time="0.001" /><testcase classname="tests.test_pre_director_checklist_submodules.TestNarrativeChecker" name="test_npc_behavior_jump_no_context_safe" time="0.000" /><testcase classname="tests.test_pre_director_checklist_submodules.TestNarrativeChecker" name="test_setting_keywords_dead_npc" time="0.000" /><testcase classname="tests.test_pre_director_checklist_submodules.TestNarrativeChecker" name="test_setting_keywords_pass_when_empty" time="0.000" /><testcase classname="tests.test_pre_director_checklist_submodules.TestStyleChecker" name="test_sentence_variety_pass" time="0.000" /><testcase classname="tests.test_pre_director_checklist_submodules.TestStyleChecker" name="test_sentence_variety_repetition" time="0.000" /><testcase classname="tests.test_pre_director_checklist_submodules.TestStyleChecker" name="test_pacing_rhythm_short_text" time="0.000" /><testcase classname="tests.test_pre_director_checklist_submodules.TestStyleChecker" name="test_pacing_rhythm_long_text" time="0.001" /><testcase classname="tests.test_pre_director_checklist_submodules.TestIntegration" name="test_check_manuscript_delegates" time="0.186" /><testcase classname="tests.test_pre_director_checklist_submodules.TestIntegration" name="test_lazy_init_narrative_and_style" time="0.000" /><testcase classname="tests.test_pre_director_checklist_submodules.TestIntegration" name="test_check_blueprint_still_works" time="0.000" /><testcase classname="tests.test_pre_director_submodules.TestHostWiring" name="test_host_reference" time="0.000" /><testcase classname="tests.test_pre_director_submodules.TestHostWiring" name="test_lazy_property" time="0.000" /><testcase classname="tests.test_pre_director_submodules.TestHostWiring" name="test_host_constants_accessible" time="0.000" /><testcase classname="tests.test_pre_director_submodules.TestDialogueRatio" name="test_short_manuscript_no_items" time="0.000" /><testcase classname="tests.test_pre_director_submodules.TestDialogueRatio" name="test_dialogue_balanced" time="0.000" /><testcase classname="tests.test_pre_director_submodules.TestDialogueRatio" name="test_no_dialogue_fail" time="0.000" /><testcase classname="tests.test_pre_director_submodules.TestDialogueRatio" name="test_excessive_dialogue_warning" time="0.000" /><testcase classname="tests.test_pre_director_submodules.TestSceneReflection" name="test_empty_breakdown_returns_default" time="0.000" /><testcase classname="tests.test_pre_director_submodules.TestSceneReflection" name="test_matching_keywords_high_ratio" time="0.000" /><testcase classname="tests.test_pre_director_submodules.TestSceneReflection" name="test_no_matching_keywords_weak" time="0.000" /><testcase classname="tests.test_pre_director_submodules.TestSceneDensityBalance" name="test_few_scenes_no_items" time="0.000" /><testcase classname="tests.test_pre_director_submodules.TestSceneDensityBalance" name="test_balanced_scenes" time="0.000" /><testcase classname="tests.test_pre_director_submodules.TestHighImpactZone" name="test_few_scenes_no_items" time="0.000" /><testcase classname="tests.test_pre_director_submodules.TestHighImpactZone" name="test_short_high_impact_warning" time="0.000" /><testcase classname="tests.test_pre_director_submodules.TestHighImpactZone" name="test_good_high_impact_pass" time="0.000" /><testcase classname="tests.test_pre_director_submodules.TestClicheDensity" name="test_no_cliches_pass" time="0.001" /><testcase classname="tests.test_pre_director_submodules.TestClicheDensity" name="test_many_cliches_fail" time="0.000" /><testcase classname="tests.test_pre_director_submodules.TestClicheDensity" name="test_empty_manuscript" time="0.000" /><testcase classname="tests.test_pre_director_submodules.TestIntegrationViaHost" name="test_check_manuscript_includes_dialogue" time="0.000" /><testcase classname="tests.test_pre_director_submodules.TestIntegrationViaHost" name="test_check_manuscript_includes_cliche" time="0.000" /><testcase classname="tests.test_pre_llm_validator" name="test_check_npc_naming_detects_single_char_variation" time="0.002" /><testcase classname="tests.test_pre_llm_validator" name="test_check_npc_naming_ignores_exact_name_match" time="0.000" /><testcase classname="tests.test_project_service.TestResetStage2" name="test_confirm_y_deletes_arcs" time="0.003" /><testcase classname="tests.test_project_service.TestResetStage2" name="test_confirm_n_does_nothing" time="0.002" /><testcase classname="tests.test_project_service.TestRewindStage2" name="test_no_arcs_returns_early" time="0.001" /><testcase classname="tests.test_project_service.TestRewindStage2" name="test_non_digit_returns_early" time="0.002" /><testcase classname="tests.test_project_service.TestRewindStage2" name="test_confirm_y_deletes_from_target" time="0.002" /><testcase classname="tests.test_project_service.TestRewindStage2" name="test_confirm_n_preserves_arcs" time="0.002" /><testcase classname="tests.test_project_service.TestRollbackEpisode" name="test_no_episodes_returns_early" time="0.001" /><testcase classname="tests.test_project_service.TestRollbackEpisode" name="test_non_digit_returns_early" time="0.003" /><testcase classname="tests.test_project_service.TestRollbackEpisode" name="test_out_of_range_returns_early" time="0.002" /><testcase classname="tests.test_project_service.TestRollbackEpisode" name="test_cancel_returns_early" time="0.002" /><testcase classname="tests.test_project_service.TestRollbackEpisode" name="test_confirm_y_executes_rollback" time="0.003" /><testcase classname="tests.test_project_service.TestRollbackEpisode" name="test_rollback_memory_none" time="0.004" /><testcase classname="tests.test_project_service.TestWipeProductionData" name="test_confirm_n_does_nothing" time="0.002" /><testcase classname="tests.test_project_service.TestWipeProductionData" name="test_confirm_y_deletes_all_production" time="0.003" /><testcase classname="tests.test_project_service.TestWipeProductionData" name="test_wipe_cleans_files" time="0.006" /><testcase classname="tests.test_project_service.TestWipeProductionData" name="test_wipe_vectordb_failure_nonfatal" time="0.002" /><testcase classname="tests.test_project_service.TestConstructor" name="test_lazy_project_fn" time="0.002" /><testcase classname="tests.test_prompt_builder.TestGenerateArcPositionGuide" name="test_first_episode" time="0.000" /><testcase classname="tests.test_prompt_builder.TestGenerateArcPositionGuide" name="test_mid_episode" time="0.000" /><testcase classname="tests.test_prompt_builder.TestGenerateArcPositionGuide" name="test_rising_episode" time="0.000" /><testcase classname="tests.test_prompt_builder.TestGenerateArcPositionGuide" name="test_last_episode" time="0.000" /><testcase classname="tests.test_prompt_builder.TestGenerateArcPositionGuide" name="test_climax_before_last" time="0.000" /><testcase classname="tests.test_prompt_builder.TestGenerateArcPositionGuide" name="test_zero_total_eps" time="0.000" /><testcase classname="tests.test_prompt_builder.TestGenerateArcPositionGuide" name="test_negative_total_eps" time="0.000" /><testcase classname="tests.test_prompt_builder.TestGenerateHighImpactZoneGuide" name="test_basic_generation" time="0.000" /><testcase classname="tests.test_prompt_builder.TestGenerateHighImpactZoneGuide" name="test_less_than_4_scenes_returns_empty" time="0.000" /><testcase classname="tests.test_prompt_builder.TestGenerateHighImpactZoneGuide" name="test_empty_blueprint" time="0.000" /><testcase classname="tests.test_prompt_builder.TestGenerateHighImpactZoneGuide" name="test_no_scene_breakdown" time="0.000" /><testcase classname="tests.test_prompt_builder.TestGenerateNpcRelationshipJustification" name="test_large_jump_generates_guide" time="0.000" /><testcase classname="tests.test_prompt_builder.TestGenerateNpcRelationshipJustification" name="test_small_jump_no_guide" time="0.000" /><testcase classname="tests.test_prompt_builder.TestGenerateNpcRelationshipJustification" name="test_no_relationship_changes" time="0.000" /><testcase classname="tests.test_prompt_builder.TestGenerateNpcRelationshipJustification" name="test_none_blueprint" time="0.000" /><testcase classname="tests.test_prompt_builder.TestGenerateNpcRelationshipJustification" name="test_non_dict_change_skipped" time="0.000" /><testcase classname="tests.test_prompt_builder.TestGenerateItemAcquisitionTimeline" name="test_with_inventory" time="0.000" /><testcase classname="tests.test_prompt_builder.TestGenerateItemAcquisitionTimeline" name="test_empty_inventory" time="0.000" /><testcase classname="tests.test_prompt_builder.TestGenerateItemAcquisitionTimeline" name="test_with_episode_bibles" time="0.000" /><testcase classname="tests.test_prompt_builder.TestGenerateItemAcquisitionTimeline" name="test_no_blueprint" time="0.000" /><testcase classname="tests.test_prompt_builder.TestGenerateTemporalSpatialGuide" name="test_with_prev_manuscript" time="0.001" /><testcase classname="tests.test_prompt_builder.TestGenerateTemporalSpatialGuide" name="test_empty_everything" time="0.000" /><testcase classname="tests.test_prompt_builder.TestGenerateTemporalSpatialGuide" name="test_with_blueprint_only" time="0.000" /><testcase classname="tests.test_prompt_builder.TestGenerateClicheAvoidanceGuide" name="test_always_generates" time="0.000" /><testcase classname="tests.test_prompt_builder.TestGenerateClicheAvoidanceGuide" name="test_contains_alternatives" time="0.000" /><testcase classname="tests.test_prompt_builder.TestGenerateSelfDiagnosisChecklist" name="test_basic_checklist" time="0.000" /><testcase classname="tests.test_prompt_builder.TestGenerateSelfDiagnosisChecklist" name="test_with_scene_count" time="0.000" /><testcase classname="tests.test_prompt_builder.TestGenerateWriterGuidanceV608" name="test_combines_multiple_guides" time="0.000" /><testcase classname="tests.test_prompt_builder.TestGenerateWriterGuidanceV608" name="test_empty_blueprint_minimal" time="0.000" /><testcase classname="tests.test_prompt_builder.TestGenerateArcContextFallback" name="test_basic_fallback" time="0.000" /><testcase classname="tests.test_prompt_builder.TestGenerateArcContextFallback" name="test_energy_history_tracking" time="0.000" /><testcase classname="tests.test_prompt_builder.TestGenerateArcContextFallback" name="test_grant_patterns_detection" time="0.000" /><testcase classname="tests.test_prompt_builder.TestBuildItemAcquisitionTimeline" name="test_zero_ep_returns_empty" time="0.001" /><testcase classname="tests.test_prompt_builder.TestBuildItemAcquisitionTimeline" name="test_cache_hit" time="0.001" /><testcase classname="tests.test_prompt_builder.TestBuildItemAcquisitionTimeline" name="test_incremental_cache" time="0.001" /><testcase classname="tests.test_prompt_builder.TestBuildItemAcquisitionTimeline" name="test_with_items_in_bible" time="0.001" /><testcase classname="tests.test_prompt_builder.TestBuildItemAcquisitionTimeline" name="test_lost_items_tracked" time="0.001" /><testcase classname="tests.test_prompt_builder.TestGrantPatterns" name="test_pattern_matches_grant" time="0.000" /><testcase classname="tests.test_prompt_builder.TestGrantPatterns" name="test_pattern_matches_appointment" time="0.000" /><testcase classname="tests.test_prompt_builder.TestAppNoneGuards" name="test_extract_npc_profiles_with_none_app_returns_empty" time="0.000" /><testcase classname="tests.test_prompt_builder.TestAppNoneGuards" name="test_get_character_traits_with_none_app_returns_empty" time="0.000" /><testcase classname="tests.test_prompt_builder.TestAppNoneGuards" name="test_generate_arc_context_v60_with_none_app_uses_fallback" time="0.000" /><testcase classname="tests.test_prompt_builder.TestAppNoneGuards" name="test_build_item_acquisition_timeline_with_none_app_returns_empty" time="0.000" /><testcase classname="tests.test_prompt_loader.TestSingleton" name="test_same_instance" time="0.001" /><testcase classname="tests.test_prompt_loader.TestSingleton" name="test_cache_shared" time="0.001" /><testcase classname="tests.test_prompt_loader.TestYamlLoading" name="test_load_nonexistent_domain" time="0.003" /><testcase classname="tests.test_prompt_loader.TestYamlLoading" name="test_load_existing_key" time="0.004" /><testcase classname="tests.test_prompt_loader.TestYamlLoading" name="test_load_nonexistent_key" time="0.004" /><testcase classname="tests.test_prompt_loader.TestYamlLoading" name="test_variable_substitution" time="0.004" /><testcase classname="tests.test_prompt_loader.TestYamlLoading" name="test_missing_variable_preserved" time="0.003" /><testcase classname="tests.test_prompt_loader.TestYamlLoading" name="test_multi_variable_substitution" time="0.004" /><testcase classname="tests.test_prompt_loader.TestGetRaw" name="test_get_raw_returns_template" time="0.004" /><testcase classname="tests.test_prompt_loader.TestGetRaw" name="test_get_raw_nonexistent_returns_none" time="0.004" /><testcase classname="tests.test_prompt_loader.TestListKeys" name="test_list_keys" time="0.004" /><testcase classname="tests.test_prompt_loader.TestListKeys" name="test_list_keys_nonexistent_domain" time="0.004" /><testcase classname="tests.test_prompt_loader.TestInvalidateCache" name="test_invalidate_specific_domain" time="0.003" /><testcase classname="tests.test_prompt_loader.TestInvalidateCache" name="test_invalidate_all" time="0.003" /><testcase classname="tests.test_prompt_loader.TestRealYamlFiles" name="test_analyst_yaml_loads" time="0.002" /><testcase classname="tests.test_prompt_loader.TestRealYamlFiles" name="test_director_yaml_loads" time="0.001" /><testcase classname="tests.test_prompt_loader.TestRealYamlFiles" name="test_ensemble_yaml_loads" time="0.001" /><testcase classname="tests.test_prompt_loader.TestRealYamlFiles" name="test_chief_writer_yaml_loads" time="0.001" /><testcase classname="tests.test_prompt_loader.TestRealYamlFiles" name="test_genre_stage_yaml_loads" time="0.001" /><testcase classname="tests.test_protocol_conformance.TestDraftValidatorConformance" name="test_arc_draft_validator_conforms" time="0.000" /><testcase classname="tests.test_protocol_conformance.TestDraftValidatorConformance" name="test_manuscript_validator_conforms" time="0.000" /><testcase classname="tests.test_protocol_conformance.TestDraftValidatorConformance" name="test_manuscript_validator_validate_alias" time="0.000" /><testcase classname="tests.test_protocol_conformance.TestConstraintCompilerConformance" name="test_constraint_compiler_conforms" time="0.000" /><testcase classname="tests.test_protocol_conformance.TestConstraintCompilerConformance" name="test_blueprint_constraint_compiler_conforms" time="0.000" /><testcase classname="tests.test_protocol_conformance.TestStateAggregatorConformance" name="test_state_tracker_conforms" time="0.000" /><testcase classname="tests.test_protocol_conformance.TestStateAggregatorConformance" name="test_state_tracker_has_required_methods" time="0.000" /><testcase classname="tests.test_protocol_conformance.TestExistingProtocolsStillWork" name="test_pipeline_generator_still_conforms" time="0.000" /><testcase classname="tests.test_protocol_conformance.TestExistingProtocolsStillWork" name="test_corrector_still_conforms" time="0.000" /><testcase classname="tests.test_protocol_conformance.TestEnsembleGeneratorConformance" name="test_arc_ensemble_conforms" time="0.000" /><testcase classname="tests.test_protocol_conformance.TestEnsembleGeneratorConformance" name="test_blueprint_ensemble_conforms" time="0.000" /><testcase classname="tests.test_protocol_conformance.TestEnsembleGeneratorConformance" name="test_non_conforming" time="0.000" /><testcase classname="tests.test_protocol_conformance.TestArtifactValidatorInstanceConformance" name="test_unified_arc_validator_conforms" time="0.000" /><testcase classname="tests.test_protocol_conformance.TestArtifactValidatorInstanceConformance" name="test_non_conforming" time="0.000" /><testcase classname="tests.test_protocol_conformance.TestArtifactCriticInstanceConformance" name="test_arc_critic_conforms" time="0.000" /><testcase classname="tests.test_protocol_conformance.TestArtifactCriticInstanceConformance" name="test_non_conforming" time="0.000" /><testcase classname="tests.test_protocol_conformance.TestPipelineGeneratorNegative" name="test_non_conforming" time="0.000" /><testcase classname="tests.test_protocol_conformance.TestCorrectorNegative" name="test_missing_can_correct" time="0.000" /><testcase classname="tests.test_protocol_conformance.TestCorrectorNegative" name="test_missing_correct" time="0.000" /><testcase classname="tests.test_protocol_validators.TestTierValidatorPositive" name="test_blocking_validator_conforms" time="0.000" /><testcase classname="tests.test_protocol_validators.TestTierValidatorPositive" name="test_consistency_validator_conforms" time="0.009" /><testcase classname="tests.test_protocol_validators.TestTierValidatorPositive" name="test_scoring_validator_conforms" time="0.000" /><testcase classname="tests.test_protocol_validators.TestTierValidatorPositive" name="test_advisory_validator_conforms" time="0.000" /><testcase classname="tests.test_protocol_validators.TestTierValidatorPositive" name="test_pre_llm_validator_conforms" time="0.000" /><testcase classname="tests.test_protocol_validators.TestEpisodeAwareValidatorPositive" name="test_continuity_validator_conforms" time="0.000" /><testcase classname="tests.test_protocol_validators.TestNegative" name="test_no_validate_method" time="0.000" /><testcase classname="tests.test_protocol_validators.TestNegative" name="test_wrong_method_name" time="0.000" /><testcase classname="tests.test_protocol_validators.TestReturnContract" name="test_blocking_validator_returns_passed" time="0.000" /><testcase classname="tests.test_protocol_validators.TestReturnContract" name="test_pre_llm_validator_returns_passed" time="0.001" /><testcase classname="tests.test_protocols.TestProtocolDefinitions" name="test_pipeline_generator_is_runtime_checkable" time="0.000" /><testcase classname="tests.test_protocols.TestProtocolDefinitions" name="test_all_protocols_are_protocol_subclass" time="0.000" /><testcase classname="tests.test_protocols.TestProtocolDefinitions" name="test_protocol_method_names" time="0.000" /><testcase classname="tests.test_protocols.TestMockConformance" name="test_pipeline_generator_pass" time="0.000" /><testcase classname="tests.test_protocols.TestMockConformance" name="test_ensemble_generator_pass" time="0.000" /><testcase classname="tests.test_protocols.TestMockConformance" name="test_validator_pass" time="0.000" /><testcase classname="tests.test_protocols.TestMockConformance" name="test_critic_pass" time="0.000" /><testcase classname="tests.test_protocols.TestMockConformance" name="test_corrector_pass" time="0.000" /><testcase classname="tests.test_protocols.TestMockConformance" name="test_empty_class_fails_all" time="0.000" /><testcase classname="tests.test_protocols.TestMockConformance" name="test_wrong_method_name_fails" time="0.000" /><testcase classname="tests.test_protocols.TestAgentStructuralConformance" name="test_four_phase_has_generate" time="0.000" /><testcase classname="tests.test_protocols.TestAgentStructuralConformance" name="test_three_phase_has_generate" time="0.000" /><testcase classname="tests.test_protocols.TestAgentStructuralConformance" name="test_arc_ensemble_has_generate_ensemble" time="0.000" /><testcase classname="tests.test_protocols.TestAgentStructuralConformance" name="test_blueprint_ensemble_has_generate_ensemble" time="0.000" /><testcase classname="tests.test_protocols.TestAgentStructuralConformance" name="test_unified_arc_validator_has_validate" time="0.000" /><testcase classname="tests.test_protocols.TestAgentStructuralConformance" name="test_arc_critic_has_critique" time="0.000" /><testcase classname="tests.test_protocols.TestAgentStructuralConformance" name="test_arc_corrector_has_correct_and_can_correct" time="0.000" /><testcase classname="tests.test_protocols.TestNonConformingAgents" name="test_chief_writer_has_generate_ensemble_but_different_return" time="0.000" /><testcase classname="tests.test_protocols.TestNonConformingAgents" name="test_consensus_validator_uses_different_method_name" time="0.000" /><testcase classname="tests.test_protocols.TestNonConformingAgents" name="test_critic_uses_different_method_name" time="0.000" /><testcase classname="tests.test_protocols.TestNonConformingAgents" name="test_director_uses_audit_not_validate" time="0.000" /><testcase classname="tests.test_protocols.TestNonConformingAgents" name="test_state_extractor_uses_extract_not_analyze" time="0.000" /><testcase classname="tests.test_protocols.TestProtocolImports" name="test_import_from_package" time="0.000" /><testcase classname="tests.test_protocols.TestProtocolImports" name="test_import_from_agents_module" time="0.000" /><testcase classname="tests.test_protocols_services.TestRuntimeCheckable" name="test_all_protocols_are_runtime_checkable" time="0.000" /><testcase classname="tests.test_protocols_services.TestUIServiceProtocol" name="test_conforming" time="0.000" /><testcase classname="tests.test_protocols_services.TestUIServiceProtocol" name="test_non_conforming" time="0.000" /><testcase classname="tests.test_protocols_services.TestAuditServiceProtocol" name="test_conforming" time="0.000" /><testcase classname="tests.test_protocols_services.TestAuditServiceProtocol" name="test_non_conforming" time="0.000" /><testcase classname="tests.test_protocols_services.TestProjectRepositoryProtocol" name="test_conforming" time="0.000" /><testcase classname="tests.test_protocols_services.TestProjectRepositoryProtocol" name="test_non_conforming" time="0.000" /><testcase classname="tests.test_protocols_services.TestConfigServiceProtocol" name="test_conforming" time="0.000" /><testcase classname="tests.test_protocols_services.TestConfigServiceProtocol" name="test_non_conforming" time="0.000" /><testcase classname="tests.test_protocols_services.TestStateServiceProtocol" name="test_state_tracker_conforms" time="0.000" /><testcase classname="tests.test_protocols_services.TestStateServiceProtocol" name="test_partial_conformance_fails" time="0.000" /><testcase classname="tests.test_protocols_services.TestDBRepositoryProtocol" name="test_import" time="0.000" /><testcase classname="tests.test_protocols_services.TestDBRepositoryProtocol" name="test_db_manager_structural_check" time="0.000" /><testcase classname="tests.test_protocols_services.TestReExport" name="test_all_exports" time="0.000" /><testcase classname="tests.test_protocols_services.TestReExport" name="test_all_in___all__" time="0.000" /><testcase classname="tests.test_pydantic_models.TestArcData" name="test_minimal" time="0.000" /><testcase classname="tests.test_pydantic_models.TestArcData" name="test_full_fields" time="0.000" /><testcase classname="tests.test_pydantic_models.TestArcData" name="test_extra_keys_allowed" time="0.000" /><testcase classname="tests.test_pydantic_models.TestArcData" name="test_model_dump_dict_compatible" time="0.000" /><testcase classname="tests.test_pydantic_models.TestArcData" name="test_global_arc_no_sync" time="0.000" /><testcase classname="tests.test_pydantic_models.TestArcData" name="test_arc_no_to_global_sync" time="0.000" /><testcase classname="tests.test_pydantic_models.TestArcData" name="test_missing_required_raises" time="0.000" /><testcase classname="tests.test_pydantic_models.TestArcData" name="test_tactical_doc_as_dict" time="0.000" /><testcase classname="tests.test_pydantic_models.TestArcData" name="test_beat_sequence_as_string" time="0.001" /><testcase classname="tests.test_pydantic_models.TestStateConstraints" name="test_canonical_keys" time="0.000" /><testcase classname="tests.test_pydantic_models.TestStateConstraints" name="test_runtime_only_keys" time="0.000" /><testcase classname="tests.test_pydantic_models.TestStateConstraints" name="test_extra_keys" time="0.000" /><testcase classname="tests.test_pydantic_models.TestStateConstraints" name="test_empty" time="0.000" /><testcase classname="tests.test_pydantic_models.TestArcState" name="test_defaults" time="0.000" /><testcase classname="tests.test_pydantic_models.TestArcState" name="test_full" time="0.000" /><testcase classname="tests.test_pydantic_models.TestSubModels" name="test_hybrid_composition" time="0.000" /><testcase classname="tests.test_pydantic_models.TestSubModels" name="test_joint_docs" time="0.000" /><testcase classname="tests.test_pydantic_models.TestSubModels" name="test_joint_docs_inventory_as_string" time="0.000" /><testcase classname="tests.test_pydantic_models.TestSubModels" name="test_status_shadow" time="0.000" /><testcase classname="tests.test_pydantic_models.TestSubModels" name="test_state_changes" time="0.000" /><testcase classname="tests.test_pydantic_models.TestBlueprint" name="test_minimal" time="0.000" /><testcase classname="tests.test_pydantic_models.TestBlueprint" name="test_extra_keys" time="0.000" /><testcase classname="tests.test_pydantic_models.TestBlueprint" name="test_full_fields" time="0.000" /><testcase classname="tests.test_pydantic_models.TestBlueprint" name="test_model_dump_dict" time="0.000" /><testcase classname="tests.test_pydantic_models.TestManuscriptCandidate" name="test_balanced_strategy" time="0.000" /><testcase classname="tests.test_pydantic_models.TestManuscriptCandidate" name="test_error_fallback" time="0.000" /><testcase classname="tests.test_pydantic_models.TestManuscriptCandidate" name="test_extra_metadata" time="0.000" /><testcase classname="tests.test_pydantic_models.TestSelfCritiqueResult" name="test_no_issues" time="0.001" /><testcase classname="tests.test_pydantic_models.TestSelfCritiqueResult" name="test_with_issues" time="0.000" /><testcase classname="tests.test_pydantic_models.TestNPCEntry" name="test_minimal" time="0.000" /><testcase classname="tests.test_pydantic_models.TestNPCEntry" name="test_dead_npc" time="0.000" /><testcase classname="tests.test_pydantic_models.TestNPCEntry" name="test_extra_preset_fields" time="0.000" /><testcase classname="tests.test_pydantic_models.TestNPCEntry" name="test_missing_name_raises" time="0.000" /><testcase classname="tests.test_pydantic_models.TestValidateHelpers" name="test_validate_arc_success" time="0.000" /><testcase classname="tests.test_pydantic_models.TestValidateHelpers" name="test_validate_arc_failure_returns_original" time="0.001" /><testcase classname="tests.test_pydantic_models.TestValidateHelpers" name="test_validate_arc_preserves_extra_keys" time="0.000" /><testcase classname="tests.test_pydantic_models.TestValidateHelpers" name="test_validate_blueprint_success" time="0.000" /><testcase classname="tests.test_pydantic_models.TestValidateHelpers" name="test_validate_blueprint_failure_returns_original" time="0.000" /><testcase classname="tests.test_pydantic_models.TestValidateHelpers" name="test_validate_manuscript_candidate_success" time="0.000" /><testcase classname="tests.test_pydantic_models.TestValidateHelpers" name="test_validate_manuscript_candidate_failure" time="0.000" /><testcase classname="tests.test_pydantic_models.TestValidateHelpers" name="test_validate_npc_entry_success" time="0.000" /><testcase classname="tests.test_pydantic_models.TestValidateHelpers" name="test_validate_npc_entry_failure" time="0.000" /><testcase classname="tests.test_pydantic_models.TestValidateHelpers" name="test_validate_blueprint_arc_success" time="0.000" /><testcase classname="tests.test_pydantic_models.TestValidateHelpers" name="test_validate_blueprint_arc_no_constraints" time="0.000" /><testcase classname="tests.test_pydantic_models.TestDictCompatibility" name="test_arc_get_pattern" time="0.000" /><testcase classname="tests.test_pydantic_models.TestDictCompatibility" name="test_arc_state_constraints_nested_get" time="0.000" /><testcase classname="tests.test_pydantic_models.TestDictCompatibility" name="test_blueprint_get_pattern" time="0.000" /><testcase classname="tests.test_pydantic_models.TestDictCompatibility" name="test_manuscript_get_pattern" time="0.000" /><testcase classname="tests.test_pydantic_models.TestDictCompatibility" name="test_json_dumps_compatible" time="0.000" /><testcase classname="tests.test_quality_regression.TestDetectScoreRegression" name="test_regression_detected" time="0.000" /><testcase classname="tests.test_quality_regression.TestDetectScoreRegression" name="test_no_regression" time="0.000" /><testcase classname="tests.test_quality_regression.TestDetectScoreRegression" name="test_insufficient_data" time="0.000" /><testcase classname="tests.test_quality_regression.TestDetectScoreRegression" name="test_empty_dashboard" time="0.000" /><testcase classname="tests.test_quality_regression.TestDetectScoreRegression" name="test_boundary_equal_threshold" time="0.000" /><testcase classname="tests.test_quality_regression.TestDetectScoreRegression" name="test_warning_severity" time="0.000" /><testcase classname="tests.test_quality_regression.TestDetectScoreRegression" name="test_return_keys_complete" time="0.000" /><testcase classname="tests.test_quality_regression.TestDetectScoreRegression" name="test_default_threshold_on_missing_yaml" time="0.000" /><testcase classname="tests.test_quality_regression.TestGetScoreTrendSummary" name="test_trend_up" time="0.000" /><testcase classname="tests.test_quality_regression.TestGetScoreTrendSummary" name="test_trend_down" time="0.000" /><testcase classname="tests.test_quality_regression.TestGetScoreTrendSummary" name="test_trend_flat" time="0.000" /><testcase classname="tests.test_quality_regression.TestGetScoreTrendSummary" name="test_insufficient_data" time="0.000" /><testcase classname="tests.test_quality_regression.TestGetScoreTrendSummary" name="test_summary_string_format" time="0.000" /><testcase classname="tests.test_quality_regression.TestGetScoreTrendSummary" name="test_return_keys_complete" time="0.000" /><testcase classname="tests.test_quality_regression.TestGetScoreTrendSummary" name="test_min_max_correct" time="0.000" /><testcase classname="tests.test_quality_trend" name="test_get_windowed_quality_trend_groups_and_aggregates" time="0.000" /><testcase classname="tests.test_quality_trend" name="test_get_windowed_quality_trend_filters_stage_and_nonpositive_score" time="0.000" /><testcase classname="tests.test_quality_trend" name="test_detect_quality_drift_declining" time="0.000" /><testcase classname="tests.test_quality_trend" name="test_detect_quality_drift_insufficient_data" time="0.000" /><testcase classname="tests.test_reader_feedback.TestPacingDBRoundTrip" name="test_save_and_load_pacing" time="0.752" /><testcase classname="tests.test_reader_feedback.TestPacingDBRoundTrip" name="test_pacing_empty_before_first_ep" time="0.416" /><testcase classname="tests.test_reader_feedback.TestReaderFeedbackContext" name="test_feedback_with_satisfaction_data" time="0.001" /><testcase classname="tests.test_reader_feedback.TestReaderFeedbackContext" name="test_feedback_with_pacing_data" time="0.001" /><testcase classname="tests.test_reader_feedback.TestReaderFeedbackContext" name="test_feedback_empty_when_no_data" time="0.001" /><testcase classname="tests.test_reader_feedback.TestReaderFeedbackContext" name="test_feedback_no_db_safe" time="0.001" /><testcase classname="tests.test_reader_feedback.TestReaderFeedbackContext" name="test_consecutive_frustration_warning" time="0.001" /><testcase classname="tests.test_reader_feedback.TestPacingSaveInPostProcessor" name="test_pacing_save_called" time="0.009" /><testcase classname="tests.test_relationship_tracker.TestValidateTransition" name="test_valid_transition" time="0.000" /><testcase classname="tests.test_relationship_tracker.TestValidateTransition" name="test_invalid_transition" time="0.000" /><testcase classname="tests.test_relationship_tracker.TestValidateTransition" name="test_same_state_always_valid" time="0.000" /><testcase classname="tests.test_relationship_tracker.TestValidateTransition" name="test_unknown_state_passes" time="0.000" /><testcase classname="tests.test_relationship_tracker.TestValidateTransition" name="test_risky_transition_flagged" time="0.000" /><testcase classname="tests.test_relationship_tracker.TestValidateTransition" name="test_death_is_terminal" time="0.000" /><testcase classname="tests.test_relationship_tracker.TestValidateTransition" name="test_suggested_path" time="0.000" /><testcase classname="tests.test_relationship_tracker.TestRecordTransition" name="test_successful_record" time="0.000" /><testcase classname="tests.test_relationship_tracker.TestRecordTransition" name="test_missing_trigger" time="0.000" /><testcase classname="tests.test_relationship_tracker.TestRecordTransition" name="test_short_trigger" time="0.000" /><testcase classname="tests.test_relationship_tracker.TestRecordTransition" name="test_missing_justification" time="0.000" /><testcase classname="tests.test_relationship_tracker.TestRecordTransition" name="test_invalid_transition_blocked" time="0.000" /><testcase classname="tests.test_relationship_tracker.TestValidateTransitionWithJustification" name="test_ok_validation" time="0.000" /><testcase classname="tests.test_relationship_tracker.TestValidateTransitionWithJustification" name="test_big_jump_without_justification" time="0.000" /><testcase classname="tests.test_relationship_tracker.TestValidateTransitionWithJustification" name="test_no_trigger_warning" time="0.000" /><testcase classname="tests.test_relationship_tracker.TestInferStateFromManuscript" name="test_death_detected" time="0.000" /><testcase classname="tests.test_relationship_tracker.TestInferStateFromManuscript" name="test_loyalty_detected" time="0.000" /><testcase classname="tests.test_relationship_tracker.TestInferStateFromManuscript" name="test_npc_not_found" time="0.000" /><testcase classname="tests.test_relationship_tracker.TestInferStateFromManuscript" name="test_default_neutral" time="0.000" /><testcase classname="tests.test_relationship_tracker.TestInferStateFromManuscript" name="test_suspicion_detected" time="0.000" /><testcase classname="tests.test_relationship_tracker.TestRegisterFaction" name="test_basic_registration" time="0.000" /><testcase classname="tests.test_relationship_tracker.TestRegisterFaction" name="test_power_level_clamped" time="0.000" /><testcase classname="tests.test_relationship_tracker.TestRegisterFaction" name="test_default_values" time="0.000" /><testcase classname="tests.test_relationship_tracker.TestValidateFactionTransition" name="test_valid_transition" time="0.000" /><testcase classname="tests.test_relationship_tracker.TestValidateFactionTransition" name="test_invalid_transition" time="0.000" /><testcase classname="tests.test_relationship_tracker.TestValidateFactionTransition" name="test_terminal_state" time="0.000" /><testcase classname="tests.test_relationship_tracker.TestValidateFactionTransition" name="test_same_state_valid" time="0.000" /><testcase classname="tests.test_relationship_tracker.TestSetFactionRelation" name="test_symmetric_relation" time="0.000" /><testcase classname="tests.test_relationship_tracker.TestSetFactionRelation" name="test_alliance_updates_lists" time="0.000" /><testcase classname="tests.test_relationship_tracker.TestSetFactionRelation" name="test_hostile_updates_enemies" time="0.000" /><testcase classname="tests.test_relationship_tracker.TestSetFactionRelation" name="test_invalid_state_rejected" time="0.000" /><testcase classname="tests.test_relationship_tracker.TestSetFactionRelation" name="test_alliance_to_hostile_clears" time="0.000" /><testcase classname="tests.test_relationship_tracker.TestRecordFactionTransition" name="test_successful_record" time="0.000" /><testcase classname="tests.test_relationship_tracker.TestRecordFactionTransition" name="test_power_shift_applied" time="0.000" /><testcase classname="tests.test_relationship_tracker.TestRecordFactionTransition" name="test_missing_trigger_fails" time="0.000" /><testcase classname="tests.test_relationship_tracker.TestGetFactionPowerBalance" name="test_basic_balance" time="0.000" /><testcase classname="tests.test_relationship_tracker.TestGetFactionPowerBalance" name="test_empty_factions" time="0.000" /><testcase classname="tests.test_relationship_tracker.TestGetFactionPowerBalance" name="test_monopoly_detection" time="0.000" /><testcase classname="tests.test_relationship_tracker.TestGetFactionPowerBalance" name="test_war_reduces_stability" time="0.000" /><testcase classname="tests.test_relationship_tracker.TestInferFactionState" name="test_war_detected" time="0.000" /><testcase classname="tests.test_relationship_tracker.TestInferFactionState" name="test_alliance_detected" time="0.000" /><testcase classname="tests.test_relationship_tracker.TestInferFactionState" name="test_not_mentioned" time="0.000" /><testcase classname="tests.test_relationship_tracker.TestInferFactionState" name="test_one_faction_missing" time="0.000" /><testcase classname="tests.test_relationship_tracker.TestGenerateTransitionPrompt" name="test_known_transition" time="0.000" /><testcase classname="tests.test_relationship_tracker.TestGenerateTransitionPrompt" name="test_unknown_transition" time="0.000" /><testcase classname="tests.test_relationship_tracker.TestGetTransitionHistory" name="test_empty_history" time="0.000" /><testcase classname="tests.test_relationship_tracker.TestGetTransitionHistory" name="test_filtered_by_npc" time="0.000" /><testcase classname="tests.test_relationship_tracker_submodules.TestNPCSubmodule" name="test_validate_transition_normal" time="0.000" /><testcase classname="tests.test_relationship_tracker_submodules.TestNPCSubmodule" name="test_validate_risky_transition" time="0.000" /><testcase classname="tests.test_relationship_tracker_submodules.TestNPCSubmodule" name="test_record_and_retrieve" time="0.000" /><testcase classname="tests.test_relationship_tracker_submodules.TestNPCSubmodule" name="test_infer_state" time="0.000" /><testcase classname="tests.test_relationship_tracker_submodules.TestNPCSubmodule" name="test_get_current_state_default" time="0.000" /><testcase classname="tests.test_relationship_tracker_submodules.TestFactionSubmodule" name="test_register_faction" time="0.000" /><testcase classname="tests.test_relationship_tracker_submodules.TestFactionSubmodule" name="test_set_faction_relation" time="0.000" /><testcase classname="tests.test_relationship_tracker_submodules.TestFactionSubmodule" name="test_validate_faction_transition" time="0.000" /><testcase classname="tests.test_relationship_tracker_submodules.TestFactionSubmodule" name="test_power_balance" time="0.000" /><testcase classname="tests.test_relationship_tracker_submodules.TestIntegration" name="test_delegation_npc" time="0.000" /><testcase classname="tests.test_relationship_tracker_submodules.TestIntegration" name="test_delegation_faction" time="0.000" /><testcase classname="tests.test_relationship_tracker_submodules.TestIntegration" name="test_lazy_init" time="0.000" /><testcase classname="tests.test_repetition_guard.TestRepetitionGuardInit" name="test_default_params" time="0.000" /><testcase classname="tests.test_repetition_guard.TestRepetitionGuardInit" name="test_custom_params" time="0.000" /><testcase classname="tests.test_repetition_guard.TestBuildBannedList" name="test_empty_manuscripts" time="0.000" /><testcase classname="tests.test_repetition_guard.TestBuildBannedList" name="test_none_manuscripts" time="0.000" /><testcase classname="tests.test_repetition_guard.TestBuildBannedList" name="test_mixed_none_and_valid" time="0.001" /><testcase classname="tests.test_repetition_guard.TestBuildBannedList" name="test_repeated_phrases_detected" time="0.000" /><testcase classname="tests.test_repetition_guard.TestBuildBannedList" name="test_window_size_respected" time="0.000" /><testcase classname="tests.test_repetition_guard.TestBuildBannedList" name="test_short_text_no_trigrams" time="0.000" /><testcase classname="tests.test_repetition_guard.TestBuildBannedList" name="test_banned_phrases_stored" time="0.000" /><testcase classname="tests.test_repetition_guard.TestScanManuscript" name="test_no_banned_phrases" time="0.000" /><testcase classname="tests.test_repetition_guard.TestScanManuscript" name="test_violations_detected" time="0.000" /><testcase classname="tests.test_repetition_guard.TestScanManuscript" name="test_clean_manuscript_perfect_score" time="0.000" /><testcase classname="tests.test_repetition_guard.TestScanManuscript" name="test_short_manuscript" time="0.000" /><testcase classname="tests.test_repetition_guard.TestScanManuscript" name="test_violation_has_required_keys" time="0.000" /><testcase classname="tests.test_repetition_guard.TestGenerateCorrectionPrompt" name="test_empty_violations" time="0.000" /><testcase classname="tests.test_repetition_guard.TestGenerateCorrectionPrompt" name="test_prompt_contains_violations" time="0.000" /><testcase classname="tests.test_repetition_guard.TestGenerateCorrectionPrompt" name="test_max_5_violations_reported" time="0.000" /><testcase classname="tests.test_repetition_guard.TestGetStatistics" name="test_empty_statistics" time="0.000" /><testcase classname="tests.test_repetition_guard.TestGetStatistics" name="test_statistics_after_build" time="0.000" /><testcase classname="tests.test_resume_status" name="test_show_resume_status_logs_project_progress" time="0.001" /><testcase classname="tests.test_resume_status" name="test_show_resume_status_logs_warning_on_error" time="0.001" /><testcase classname="tests.test_resume_status" name="test_stage_entry_methods_include_resume_status_call" time="0.003" /><testcase classname="tests.test_resume_status" name="test_shutdown_pass_rate_save_failure_is_non_blocking" time="0.002" /><testcase classname="tests.test_resume_status" name="test_shutdown_records_session_cost_when_scope_exists" time="0.002" /><testcase classname="tests.test_rollback_npc.TestResetAfterNpcHistory" name="test_npc_history_deleted_after_target_ep" time="0.274" /><testcase classname="tests.test_rollback_npc.TestResetAfterNpcHistory" name="test_npc_history_all_deleted_when_target_ep_1" time="0.258" /><testcase classname="tests.test_rollback_npc.TestResetAfterSentenceHashes" name="test_sentence_hashes_deleted_after_target_ep" time="0.282" /><testcase classname="tests.test_rollback_npc.TestResetAfterSatisfactionTags" name="test_satisfaction_tags_deleted_after_target_ep" time="0.251" /><testcase classname="tests.test_rollback_npc.TestGetRollbackImpact" name="test_returns_correct_counts" time="0.233" /><testcase classname="tests.test_rollback_npc.TestGetRollbackImpact" name="test_includes_satisfaction_tag_count" time="0.224" /><testcase classname="tests.test_rollback_npc.TestGetRollbackImpact" name="test_empty_db_returns_all_zeros" time="0.239" /><testcase classname="tests.test_rollback_npc.TestWorldStateRollback" name="test_rollback_replays_episodes_before_target" time="0.244" /><testcase classname="tests.test_rollback_npc.TestWorldStateRollback" name="test_rollback_to_1_gives_empty_state" time="0.230" /><testcase classname="tests.test_rollback_npc.TestFactLedgerRollback" name="test_rollback_replays_episodes_before_target" time="0.232" /><testcase classname="tests.test_rollback_npc.TestFactLedgerRollback" name="test_rollback_to_1_gives_empty_ledger" time="0.232" /><testcase classname="tests.test_rollback_npc.TestAutoBacktrackIntegration" name="test_backtrack_calls_world_state_rollback" time="0.258" /><testcase classname="tests.test_rollback_npc.TestAutoBacktrackIntegration" name="test_backtrack_without_optional_args" time="0.249" /><testcase classname="tests.test_satisfaction_framework.TestScoringDimensionExists" name="test_fallback_has_reader_satisfaction" time="0.009" /><testcase classname="tests.test_satisfaction_framework.TestScoringDimensionExists" name="test_llm_prompt_contains_reader_satisfaction" time="0.010" /><testcase classname="tests.test_satisfaction_framework.TestLLMScoreTotal" name="test_fallback_max_total_is_80" time="0.008" /><testcase classname="tests.test_satisfaction_framework.TestLLMScoreTotal" name="test_full_validate_max_score_is_100" time="0.081" /><testcase classname="tests.test_satisfaction_framework.TestQualityWeightsTotal" name="test_weights_sum_is_one" time="0.000" /><testcase classname="tests.test_satisfaction_framework.TestQualityWeightsTotal" name="test_satisfaction_weight_exists" time="0.000" /><testcase classname="tests.test_satisfaction_framework.TestQualityWeightsTotal" name="test_category_mapping_has_satisfaction" time="0.000" /><testcase classname="tests.test_satisfaction_framework.TestSatisfactionCalculation" name="test_grade_includes_satisfaction_category" time="0.000" /><testcase classname="tests.test_satisfaction_framework.TestSatisfactionFallback" name="test_missing_reader_satisfaction_no_crash" time="0.000" /><testcase classname="tests.test_satisfaction_framework.TestSatisfactionFallback" name="test_validate_without_llm_includes_satisfaction" time="0.080" /><testcase classname="tests.test_satisfaction_framework.TestRegressionExistingFields" name="test_python_scores_unchanged" time="0.079" /><testcase classname="tests.test_satisfaction_framework.TestRegressionExistingFields" name="test_existing_llm_dimensions_present" time="0.008" /><testcase classname="tests.test_satisfaction_framework.TestBoundaryValues" name="test_score_zero_contributes_nothing" time="0.000" /><testcase classname="tests.test_satisfaction_framework.TestBoundaryValues" name="test_score_max_contributes_full" time="0.000" /><testcase classname="tests.test_satisfaction_framework.TestBoundaryValues" name="test_llm_clamping_reader_satisfaction" time="0.010" /><testcase classname="tests.test_satisfaction_framework.TestConfigSafety" name="test_unknown_genre_uses_default_weight" time="0.000" /><testcase classname="tests.test_satisfaction_framework.TestConfigSafety" name="test_validate_v59_with_reader_satisfaction" time="0.077" /><testcase classname="tests.test_satisfaction_framework.TestConfigSafety" name="test_grading_all_categories_have_descriptions" time="0.000" /><testcase classname="tests.test_satisfaction_step2_prompts.TestEnsembleSelectionSatisfaction" name="test_ensemble_prompt_has_payoff_keyword" time="0.001" /><testcase classname="tests.test_satisfaction_step2_prompts.TestEnsembleSelectionSatisfaction" name="test_ensemble_prompt_has_frustration_reward" time="0.000" /><testcase classname="tests.test_satisfaction_step2_prompts.TestEnsembleSelectionSatisfaction" name="test_ensemble_prompt_has_growth_perception" time="0.000" /><testcase classname="tests.test_satisfaction_step2_prompts.TestEnsembleSelectionSatisfaction" name="test_ensemble_prompt_has_genre_examples" time="0.000" /><testcase classname="tests.test_satisfaction_step2_prompts.TestDirectorAuditSatisfaction" name="test_audit_prompt_engagement_has_satisfaction" time="0.000" /><testcase classname="tests.test_satisfaction_step2_prompts.TestDirectorAuditSatisfaction" name="test_audit_prompt_has_payoff_criteria" time="0.000" /><testcase classname="tests.test_satisfaction_step2_prompts.TestDirectorAuditSatisfaction" name="test_audit_prompt_has_genre_rewards" time="0.000" /><testcase classname="tests.test_satisfaction_step2_prompts.TestDirectorAuditSatisfaction" name="test_audit_cot_step4_has_satisfaction" time="0.000" /><testcase classname="tests.test_satisfaction_step2_prompts.TestBlueprintComparisonSatisfaction" name="test_blueprint_prompt_has_satisfaction_criterion" time="0.001" /><testcase classname="tests.test_satisfaction_step2_prompts.TestJsonSchemaPreservation" name="test_ensemble_json_schema_keys_preserved" time="0.001" /><testcase classname="tests.test_satisfaction_step2_prompts.TestJsonSchemaPreservation" name="test_audit_json_schema_keys_preserved" time="0.001" /><testcase classname="tests.test_satisfaction_step2_prompts.TestJsonSchemaPreservation" name="test_audit_score_breakdown_sub_keys_preserved" time="0.000" /><testcase classname="tests.test_satisfaction_step2_prompts.TestScoringValidatorPromptGenreExamples" name="test_llm_prompt_has_genre_payoff_examples" time="0.008" /><testcase classname="tests.test_satisfaction_step2_prompts.TestScoringValidatorPromptGenreExamples" name="test_llm_prompt_frustration_reward_keyword" time="0.001" /><testcase classname="tests.test_satisfaction_step2_prompts.TestPromptLengthCap" name="test_ensemble_prompt_length_reasonable" time="0.001" /><testcase classname="tests.test_satisfaction_step2_prompts.TestPromptLengthCap" name="test_audit_prompt_length_reasonable" time="0.000" /><testcase classname="tests.test_satisfaction_step3_tagging.TestSatisfactionTable" name="test_table_exists" time="0.228" /><testcase classname="tests.test_satisfaction_step3_tagging.TestSatisfactionTable" name="test_table_columns" time="0.234" /><testcase classname="tests.test_satisfaction_step3_tagging.TestSatisfactionCRUD" name="test_save_and_get_roundtrip" time="0.237" /><testcase classname="tests.test_satisfaction_step3_tagging.TestSatisfactionCRUD" name="test_get_nonexistent_returns_none" time="0.230" /><testcase classname="tests.test_satisfaction_step3_tagging.TestSatisfactionCRUD" name="test_save_overwrites_existing" time="0.249" /><testcase classname="tests.test_satisfaction_step3_tagging.TestSatisfactionCRUD" name="test_frustration_flag_stored_as_int" time="0.237" /><testcase classname="tests.test_satisfaction_step3_tagging.TestSatisfactionCRUD" name="test_get_recent_returns_time_order" time="0.237" /><testcase classname="tests.test_satisfaction_step3_tagging.TestSatisfactionCRUD" name="test_get_recent_lookback_limit" time="0.255" /><testcase classname="tests.test_satisfaction_step3_tagging.TestSatisfactionCRUD" name="test_get_recent_empty" time="0.465" /><testcase classname="tests.test_satisfaction_step3_tagging.TestSatisfactionCRUD" name="test_default_values_on_missing_keys" time="0.748" /><testcase classname="tests.test_satisfaction_step3_tagging.TestExtractSatisfactionTag" name="test_llm_success_returns_valid_tag" time="0.003" /><testcase classname="tests.test_satisfaction_step3_tagging.TestExtractSatisfactionTag" name="test_llm_frustration_sets_flag" time="0.003" /><testcase classname="tests.test_satisfaction_step3_tagging.TestExtractSatisfactionTag" name="test_invalid_tag_defaults_to_ilsang" time="0.003" /><testcase classname="tests.test_satisfaction_step3_tagging.TestExtractSatisfactionTag" name="test_score_clamped_to_range" time="0.003" /><testcase classname="tests.test_satisfaction_step3_tagging.TestExtractSatisfactionTag" name="test_score_clamped_min" time="0.003" /><testcase classname="tests.test_satisfaction_step3_tagging.TestExtractSatisfactionTag" name="test_llm_failure_uses_fallback" time="0.003" /><testcase classname="tests.test_satisfaction_step3_tagging.TestFallbackSatisfactionTag" name="test_achievement_keywords" time="0.003" /><testcase classname="tests.test_satisfaction_step3_tagging.TestFallbackSatisfactionTag" name="test_frustration_keywords" time="0.003" /><testcase classname="tests.test_satisfaction_step3_tagging.TestFallbackSatisfactionTag" name="test_combat_keywords" time="0.003" /><testcase classname="tests.test_satisfaction_step3_tagging.TestFallbackSatisfactionTag" name="test_empty_manuscript_defaults_ilsang" time="0.003" /><testcase classname="tests.test_satisfaction_step3_tagging.TestFallbackSatisfactionTag" name="test_all_valid_tags_returned" time="0.002" /><testcase classname="tests.test_satisfaction_step3_tagging.TestStage4SatisfactionHook" name="test_hook_code_exists_in_orchestrator" time="0.013" /><testcase classname="tests.test_satisfaction_step3_tagging.TestStage4SatisfactionHook" name="test_hook_exception_non_propagating" time="0.012" /><testcase classname="tests.test_satisfaction_step3_tagging.TestSatisfactionPrompt" name="test_prompt_has_6_tags" time="0.000" /><testcase classname="tests.test_satisfaction_step3_tagging.TestSatisfactionPrompt" name="test_prompt_has_agency_options" time="0.000" /><testcase classname="tests.test_satisfaction_step3_tagging.TestSatisfactionPrompt" name="test_prompt_has_json_format" time="0.000" /><testcase classname="tests.test_satisfaction_step4_frustration.TestFrustrationStreak" name="test_no_tags_returns_empty" time="0.434" /><testcase classname="tests.test_satisfaction_step4_frustration.TestFrustrationStreak" name="test_no_frustration_returns_empty" time="0.246" /><testcase classname="tests.test_satisfaction_step4_frustration.TestFrustrationStreak" name="test_streak_below_threshold_empty" time="0.230" /><testcase classname="tests.test_satisfaction_step4_frustration.TestFrustrationStreak" name="test_streak_3_warning" time="0.240" /><testcase classname="tests.test_satisfaction_step4_frustration.TestFrustrationStreak" name="test_streak_5_critical" time="0.248" /><testcase classname="tests.test_satisfaction_step4_frustration.TestFrustrationStreak" name="test_streak_reset_after_reward" time="0.230" /><testcase classname="tests.test_satisfaction_step4_frustration.TestFrustrationStreak" name="test_streak_counts_from_latest" time="0.247" /><testcase classname="tests.test_satisfaction_step4_frustration.TestFrustrationThresholds" name="test_yaml_satisfaction_section_exists" time="0.000" /><testcase classname="tests.test_satisfaction_step4_frustration.TestFrustrationThresholds" name="test_threshold_warning_default" time="0.000" /><testcase classname="tests.test_satisfaction_step4_frustration.TestFrustrationThresholds" name="test_threshold_critical_default" time="0.000" /><testcase classname="tests.test_satisfaction_step4_frustration.TestStage4FrustrationHook" name="test_hook_code_exists" time="0.017" /><testcase classname="tests.test_satisfaction_step4_frustration.TestStage4FrustrationHook" name="test_hook_non_blocking" time="0.017" /><testcase classname="tests.test_satisfaction_step4_frustration.TestStage4FrustrationHook" name="test_hook_injects_to_validation_results" time="0.016" /><testcase classname="tests.test_satisfaction_step4_frustration.TestWarningFormat" name="test_warning_message_contains_streak_count" time="0.243" /><testcase classname="tests.test_satisfaction_step4_frustration.TestWarningFormat" name="test_critical_message_contains_severe" time="0.235" /><testcase classname="tests.test_selection_tracker.TestDirectorSelectionsTable" name="test_save_and_retrieve" time="0.233" /><testcase classname="tests.test_selection_tracker.TestDirectorSelectionsTable" name="test_multiple_rounds_recorded" time="0.235" /><testcase classname="tests.test_selection_tracker.TestDirectorSelectionsTable" name="test_reason_truncated" time="0.232" /><testcase classname="tests.test_selection_tracker.TestStrategyWinRates" name="test_single_strategy_100_percent" time="0.241" /><testcase classname="tests.test_selection_tracker.TestStrategyWinRates" name="test_mixed_strategies" time="0.257" /><testcase classname="tests.test_selection_tracker.TestStrategyWinRates" name="test_reject_excluded" time="0.242" /><testcase classname="tests.test_selection_tracker.TestStrategyWinRates" name="test_empty_db_returns_zero_total" time="0.229" /><testcase classname="tests.test_selection_tracker.TestSelectionAnalysis" name="test_get_selection_analysis_returns_latest_first" time="0.248" /><testcase classname="tests.test_selection_tracker.TestSelectionAnalysis" name="test_get_selection_analysis_zero_lookback" time="0.245" /><testcase classname="tests.test_selection_tracker.TestRollbackIncludesSelections" name="test_reset_after_deletes_selections" time="0.267" /><testcase classname="tests.test_selection_tracker.TestRollbackIncludesSelections" name="test_rollback_impact_includes_selections" time="0.258" /><testcase classname="tests.test_semantic_plot_guard.TestKeywordFallbackInit" name="test_init_without_genai_flag" time="0.000" /><testcase classname="tests.test_semantic_plot_guard.TestKeywordFallbackInit" name="test_init_without_api_key" time="0.000" /><testcase classname="tests.test_semantic_plot_guard.TestKeywordIndexing" name="test_index_basic" time="0.000" /><testcase classname="tests.test_semantic_plot_guard.TestKeywordIndexing" name="test_index_dedup" time="0.000" /><testcase classname="tests.test_semantic_plot_guard.TestKeywordIndexing" name="test_index_empty_plot_skipped" time="0.000" /><testcase classname="tests.test_semantic_plot_guard.TestKeywordCheck" name="test_similar_plot_detected" time="0.000" /><testcase classname="tests.test_semantic_plot_guard.TestKeywordCheck" name="test_unrelated_plot_no_warning" time="0.000" /><testcase classname="tests.test_semantic_plot_guard.TestKeywordCheck" name="test_check_with_plot_names" time="0.000" /><testcase classname="tests.test_semantic_plot_guard.TestKeywordCheck" name="test_format_warnings" time="0.000" /><testcase classname="tests.test_semantic_plot_guard.TestExtractKeywords" name="test_korean_keywords" time="0.000" /><testcase classname="tests.test_semantic_plot_guard.TestExtractKeywords" name="test_stopwords_filtered" time="0.000" /><testcase classname="tests.test_semantic_plot_guard.TestExtractKeywords" name="test_short_words_filtered" time="0.000" /><testcase classname="tests.test_semantic_plot_guard.TestChainWiring" name="test_semantic_plot_guard_not_none_without_api" time="0.000" /><testcase classname="tests.test_semantic_plot_guard.TestChainWiring" name="test_stage2_uses_ctx_and_keyword_fallback_condition" time="0.013" /><testcase classname="tests.test_stage01_fixes.TestAnalystFixes" name="test_safe_dict_module_level" time="0.000" /><testcase classname="tests.test_stage01_fixes.TestAnalystFixes" name="test_extract_content_parts_exists" time="0.000" /><testcase classname="tests.test_stage01_fixes.TestAnalystFixes" name="test_extract_content_parts_returns" time="0.000" /><testcase classname="tests.test_stage01_fixes.TestAnalystFixes" name="test_extract_content_parts_empty" time="0.000" /><testcase classname="tests.test_stage01_fixes.TestAnalystFixes" name="test_extract_content_parts_non_dict" time="0.000" /><testcase classname="tests.test_stage01_fixes.TestAnalystFixes" name="test_load_genre_libraries_exists" time="0.000" /><testcase classname="tests.test_stage01_fixes.TestAnalystFixes" name="test_get_current_genre_uses_dict" time="0.001" /><testcase classname="tests.test_stage01_fixes.TestAnalystFixes" name="test_get_current_genre_uses_constant" time="0.000" /><testcase classname="tests.test_stage01_fixes.TestAnalystFixes" name="test_genre_detect_map_covers_all" time="0.000" /><testcase classname="tests.test_stage01_fixes.TestAnalystFixes" name="test_validate_stub_docstring" time="0.000" /><testcase classname="tests.test_stage01_fixes.TestAnalystFixes" name="test_post_process_arc_exists" time="0.000" /><testcase classname="tests.test_stage01_fixes.TestStage01HelpersFixes" name="test_capsule_bypass_fixed" time="0.002" /><testcase classname="tests.test_stage01_fixes.TestStage01HelpersFixes" name="test_extend_blocks_bypass_fixed" time="0.001" /><testcase classname="tests.test_stage01_fixes.TestStage01HelpersFixes" name="test_stage0_extended_handlers_exist" time="0.000" /><testcase classname="tests.test_stage01_fixes.TestStage01HelpersFixes" name="test_stage0_extended_dispatcher" time="0.001" /><testcase classname="tests.test_stage01_fixes.TestStage01HelpersFixes" name="test_stage0_extended_no_bare_print" time="0.001" /><testcase classname="tests.test_stage01_fixes.TestStage01HelpersFixes" name="test_phase_0_recovery_no_bare_print" time="0.002" /><testcase classname="tests.test_stage01_fixes.TestStage01HelpersFixes" name="test_extend_blocks_no_bare_print" time="0.002" /><testcase classname="tests.test_stage01_fixes.TestStage01HelpersFixes" name="test_input_eof_handling" time="0.013" /><testcase classname="tests.test_stage01_helpers.TestConstructor" name="test_app_reference_stored" time="0.001" /><testcase classname="tests.test_stage01_helpers.TestPhase0Recovery" name="test_cancel_choice_0" time="0.002" /><testcase classname="tests.test_stage01_helpers.TestPhase0Recovery" name="test_choice_2_delegates_to_stage_0_extended" time="1505.843"><failure message="MemoryError">E   MemoryError</failure></testcase><testcase classname="tests.test_stage01_helpers.TestPhase0Recovery" name="test_choice_3_delegates_to_stage_0_extended" time="0.010"><failure message="AssertionError: Expected '_stage_0_extended' to be called once. Called 0 times.">E   AssertionError: Expected '_stage_0_extended' to be called once. Called 0 times.</failure></testcase><testcase classname="tests.test_stage01_helpers.TestPhase0Recovery" name="test_choice_4_delegates_to_stage_0_extended" time="0.004"><failure message="AssertionError: Expected '_stage_0_extended' to be called once. Called 0 times.">E   AssertionError: Expected '_stage_0_extended' to be called once. Called 0 times.</failure></testcase><testcase time="0.001" /><testcase classname="pytest" name="internal" time="0.000"><error message="internal error">Traceback (most recent call last):
  File "C:\Users\User\AppData\Local\Programs\Python\Python312\Lib\site-packages\_pytest\main.py", line 318, in wrap_session
    session.exitstatus = doit(config, session) or 0
                         ^^^^^^^^^^^^^^^^^^^^^
  File "C:\Users\User\AppData\Local\Programs\Python\Python312\Lib\site-packages\_pytest\main.py", line 372, in _main
    config.hook.pytest_runtestloop(session=session)
  File "C:\Users\User\AppData\Local\Programs\Python\Python312\Lib\site-packages\pluggy\_hooks.py", line 512, in __call__
    return self._hookexec(self.name, self._hookimpls.copy(), kwargs, firstresult)
           ^^^^^^^^^^^^^^^^^^^^^^^^^^^^^^^^^^^^^^^^^^^^^^^^^^^^^^^^^^^^^^^^^^^^^^
  File "C:\Users\User\AppData\Local\Programs\Python\Python312\Lib\site-packages\pluggy\_manager.py", line 120, in _hookexec
    return self._inner_hookexec(hook_name, methods, kwargs, firstresult)
           ^^^^^^^^^^^^^^^^^^^^^^^^^^^^^^^^^^^^^^^^^^^^^^^^^^^^^^^^^^^^^
  File "C:\Users\User\AppData\Local\Programs\Python\Python312\Lib\site-packages\pluggy\_callers.py", line 167, in _multicall
    raise exception
  File "C:\Users\User\AppData\Local\Programs\Python\Python312\Lib\site-packages\pluggy\_callers.py", line 139, in _multicall
    teardown.throw(exception)
  File "C:\Users\User\AppData\Local\Programs\Python\Python312\Lib\site-packages\_pytest\logging.py", line 801, in pytest_runtestloop
    return (yield)  # Run all the tests.
            ^^^^^
  File "C:\Users\User\AppData\Local\Programs\Python\Python312\Lib\site-packages\pluggy\_callers.py", line 139, in _multicall
    teardown.throw(exception)
  File "C:\Users\User\AppData\Local\Programs\Python\Python312\Lib\site-packages\_pytest\terminal.py", line 707, in pytest_runtestloop
    result = yield
             ^^^^^
  File "C:\Users\User\AppData\Local\Programs\Python\Python312\Lib\site-packages\pluggy\_callers.py", line 121, in _multicall
    res = hook_impl.function(*args)
          ^^^^^^^^^^^^^^^^^^^^^^^^^
  File "C:\Users\User\AppData\Local\Programs\Python\Python312\Lib\site-packages\_pytest\main.py", line 396, in pytest_runtestloop
    item.config.hook.pytest_runtest_protocol(item=item, nextitem=nextitem)
  File "C:\Users\User\AppData\Local\Programs\Python\Python312\Lib\site-packages\pluggy\_hooks.py", line 512, in __call__
    return self._hookexec(self.name, self._hookimpls.copy(), kwargs, firstresult)
           ^^^^^^^^^^^^^^^^^^^^^^^^^^^^^^^^^^^^^^^^^^^^^^^^^^^^^^^^^^^^^^^^^^^^^^
  File "C:\Users\User\AppData\Local\Programs\Python\Python312\Lib\site-packages\pluggy\_manager.py", line 120, in _hookexec
    return self._inner_hookexec(hook_name, methods, kwargs, firstresult)
           ^^^^^^^^^^^^^^^^^^^^^^^^^^^^^^^^^^^^^^^^^^^^^^^^^^^^^^^^^^^^^
  File "C:\Users\User\AppData\Local\Programs\Python\Python312\Lib\site-packages\pluggy\_callers.py", line 167, in _multicall
    raise exception
  File "C:\Users\User\AppData\Local\Programs\Python\Python312\Lib\site-packages\pluggy\_callers.py", line 139, in _multicall
    teardown.throw(exception)
  File "C:\Users\User\AppData\Local\Programs\Python\Python312\Lib\site-packages\_pytest\warnings.py", line 89, in pytest_runtest_protocol
    return (yield)
            ^^^^^
  File "C:\Users\User\AppData\Local\Programs\Python\Python312\Lib\site-packages\pluggy\_callers.py", line 139, in _multicall
    teardown.throw(exception)
  File "C:\Users\User\AppData\Local\Programs\Python\Python312\Lib\site-packages\_pytest\assertion\__init__.py", line 192, in pytest_runtest_protocol
    return (yield)
            ^^^^^
  File "C:\Users\User\AppData\Local\Programs\Python\Python312\Lib\site-packages\pluggy\_callers.py", line 139, in _multicall
    teardown.throw(exception)
  File "C:\Users\User\AppData\Local\Programs\Python\Python312\Lib\site-packages\_pytest\unittest.py", line 587, in pytest_runtest_protocol
    return (yield)
            ^^^^^
  File "C:\Users\User\AppData\Local\Programs\Python\Python312\Lib\site-packages\pluggy\_callers.py", line 139, in _multicall
    teardown.throw(exception)
  File "C:\Users\User\AppData\Local\Programs\Python\Python312\Lib\site-packages\_pytest\faulthandler.py", line 102, in pytest_runtest_protocol
    return (yield)
            ^^^^^
  File "C:\Users\User\AppData\Local\Programs\Python\Python312\Lib\site-packages\pluggy\_callers.py", line 121, in _multicall
    res = hook_impl.function(*args)
          ^^^^^^^^^^^^^^^^^^^^^^^^^
  File "C:\Users\User\AppData\Local\Programs\Python\Python312\Lib\site-packages\_pytest\runner.py", line 118, in pytest_runtest_protocol
    runtestprotocol(item, nextitem=nextitem)
  File "C:\Users\User\AppData\Local\Programs\Python\Python312\Lib\site-packages\_pytest\runner.py", line 137, in runtestprotocol
    reports.append(call_and_report(item, "call", log))
                   ^^^^^^^^^^^^^^^^^^^^^^^^^^^^^^^^^^
  File "C:\Users\User\AppData\Local\Programs\Python\Python312\Lib\site-packages\_pytest\runner.py", line 251, in call_and_report
    ihook.pytest_runtest_logreport(report=report)
  File "C:\Users\User\AppData\Local\Programs\Python\Python312\Lib\site-packages\pluggy\_hooks.py", line 512, in __call__
    return self._hookexec(self.name, self._hookimpls.copy(), kwargs, firstresult)
           ^^^^^^^^^^^^^^^^^^^^^^^^^^^^^^^^^^^^^^^^^^^^^^^^^^^^^^^^^^^^^^^^^^^^^^
  File "C:\Users\User\AppData\Local\Programs\Python\Python312\Lib\site-packages\pluggy\_manager.py", line 120, in _hookexec
    return self._inner_hookexec(hook_name, methods, kwargs, firstresult)
           ^^^^^^^^^^^^^^^^^^^^^^^^^^^^^^^^^^^^^^^^^^^^^^^^^^^^^^^^^^^^^
  File "C:\Users\User\AppData\Local\Programs\Python\Python312\Lib\site-packages\pluggy\_callers.py", line 167, in _multicall
    raise exception
  File "C:\Users\User\AppData\Local\Programs\Python\Python312\Lib\site-packages\pluggy\_callers.py", line 121, in _multicall
    res = hook_impl.function(*args)
          ^^^^^^^^^^^^^^^^^^^^^^^^^
  File "C:\Users\User\AppData\Local\Programs\Python\Python312\Lib\site-packages\_pytest\terminal.py", line 698, in pytest_runtest_logreport
    self.flush()
  File "C:\Users\User\AppData\Local\Programs\Python\Python312\Lib\site-packages\_pytest\terminal.py", line 531, in flush
    self._tw.flush()
  File "C:\Users\User\AppData\Local\Programs\Python\Python312\Lib\site-packages\_pytest\_io\terminalwriter.py", line 187, in flush
    self._file.flush()
OSError: [Errno 9] Bad file descriptor</error></testcase></testsuite></testsuites>